[2026-09-24T05:53:47.304+0000] {local_task_job_runner.py:123} INFO - ::group::Pre task execution logs
[2026-09-24T05:53:47.370+0000] {taskinstance.py:2614} INFO - Dependencies all met for dep_context=non-requeueable deps ti=<TaskInstance: dss150p_sales_pipeline.transform manual__2026-09-23T15:23:52+00:00 [queued]>
[2026-09-24T05:53:47.400+0000] {taskinstance.py:2614} INFO - Dependencies all met for dep_context=requeueable deps ti=<TaskInstance: dss150p_sales_pipeline.transform manual__2026-09-23T15:23:52+00:00 [queued]>
[2026-09-24T05:53:47.404+0000] {taskinstance.py:2867} INFO - Starting attempt 1 of 3
[2026-09-24T05:53:47.435+0000] {taskinstance.py:2890} INFO - Executing <Task(BashOperator): transform> on 2026-09-23 15:23:52+00:00
[2026-09-24T05:53:47.455+0000] {standard_task_runner.py:72} INFO - Started process 233 to run task
[2026-09-24T05:53:47.461+0000] {standard_task_runner.py:104} INFO - Running: ['airflow', 'tasks', 'run', 'dss150p_sales_pipeline', 'transform', 'manual__2026-09-23T15:23:52+00:00', '--job-id', '28', '--raw', '--subdir', 'DAGS_FOLDER/dss150p_pipeline.py', '--cfg-path', '/tmp/tmp3c76pify']
[2026-09-24T05:53:47.469+0000] {standard_task_runner.py:105} INFO - Job 28: Subtask transform
[2026-09-24T05:53:47.704+0000] {task_command.py:467} INFO - Running <TaskInstance: dss150p_sales_pipeline.transform manual__2026-09-23T15:23:52+00:00 [running]> on host 458464e6a109
[2026-09-24T05:53:48.003+0000] {taskinstance.py:3134} INFO - Exporting env vars: AIRFLOW_CTX_DAG_OWNER='dss150p' AIRFLOW_CTX_DAG_ID='dss150p_sales_pipeline' AIRFLOW_CTX_TASK_ID='transform' AIRFLOW_CTX_EXECUTION_DATE='2026-09-23T15:23:52+00:00' AIRFLOW_CTX_TRY_NUMBER='1' AIRFLOW_CTX_DAG_RUN_ID='manual__2026-09-23T15:23:52+00:00'
[2026-09-24T05:53:48.008+0000] {taskinstance.py:732} INFO - ::endgroup::
[2026-09-24T05:53:48.048+0000] {subprocess.py:78} INFO - Tmp dir root location: /tmp
[2026-09-24T05:53:48.055+0000] {subprocess.py:88} INFO - Running command: ['/usr/bin/bash', '-c', 'cd /opt/airflow/project && PIPELINE_RUN_ID="manual__2026-09-23T15:23:52+00:00" python -m src.cli transform']
[2026-09-24T05:53:48.104+0000] {subprocess.py:99} INFO - Output:
[2026-09-24T05:53:53.842+0000] {subprocess.py:106} INFO - 2026-09-24 05:53:53,842 - INFO - [dss150p_pipeline] Starting stage: Transform
[2026-09-24T05:54:04.432+0000] {subprocess.py:106} INFO - 2026-09-24 05:54:04,431 - INFO - [dss150p_pipeline] Successfully completed stage: Transform
[2026-09-24T05:54:04.714+0000] {subprocess.py:110} INFO - Command exited with return code 0
[2026-09-24T05:54:04.809+0000] {taskinstance.py:341} INFO - ::group::Post task execution logs
[2026-09-24T05:54:04.815+0000] {taskinstance.py:353} INFO - Marking task as SUCCESS. dag_id=dss150p_sales_pipeline, task_id=transform, run_id=manual__2026-09-23T15:23:52+00:00, execution_date=20260923T152352, start_date=20260924T055347, end_date=20260924T055404
[2026-09-24T05:54:04.974+0000] {local_task_job_runner.py:266} INFO - Task exited with return code 0
[2026-09-24T05:54:05.029+0000] {taskinstance.py:3901} INFO - 1 downstream tasks scheduled from follow-on schedule check
[2026-09-24T05:54:05.035+0000] {local_task_job_runner.py:245} INFO - ::endgroup::
