[2026-09-23T15:18:07.042+0000] {local_task_job_runner.py:123} INFO - ::group::Pre task execution logs
[2026-09-23T15:18:07.084+0000] {taskinstance.py:2614} INFO - Dependencies all met for dep_context=non-requeueable deps ti=<TaskInstance: dss150p_sales_pipeline.transform manual__2026-09-23T15:17:47+00:00 [queued]>
[2026-09-23T15:18:07.104+0000] {taskinstance.py:2614} INFO - Dependencies all met for dep_context=requeueable deps ti=<TaskInstance: dss150p_sales_pipeline.transform manual__2026-09-23T15:17:47+00:00 [queued]>
[2026-09-23T15:18:07.107+0000] {taskinstance.py:2867} INFO - Starting attempt 1 of 3
[2026-09-23T15:18:07.130+0000] {taskinstance.py:2890} INFO - Executing <Task(BashOperator): transform> on 2026-09-23 15:17:47+00:00
[2026-09-23T15:18:07.145+0000] {standard_task_runner.py:72} INFO - Started process 1144 to run task
[2026-09-23T15:18:07.151+0000] {standard_task_runner.py:104} INFO - Running: ['airflow', 'tasks', 'run', 'dss150p_sales_pipeline', 'transform', 'manual__2026-09-23T15:17:47+00:00', '--job-id', '12', '--raw', '--subdir', 'DAGS_FOLDER/dss150p_pipeline.py', '--cfg-path', '/tmp/tmplmpj7bii']
[2026-09-23T15:18:07.158+0000] {standard_task_runner.py:105} INFO - Job 12: Subtask transform
[2026-09-23T15:18:07.364+0000] {task_command.py:467} INFO - Running <TaskInstance: dss150p_sales_pipeline.transform manual__2026-09-23T15:17:47+00:00 [running]> on host 458464e6a109
[2026-09-23T15:18:07.574+0000] {taskinstance.py:3134} INFO - Exporting env vars: AIRFLOW_CTX_DAG_OWNER='dss150p' AIRFLOW_CTX_DAG_ID='dss150p_sales_pipeline' AIRFLOW_CTX_TASK_ID='transform' AIRFLOW_CTX_EXECUTION_DATE='2026-09-23T15:17:47+00:00' AIRFLOW_CTX_TRY_NUMBER='1' AIRFLOW_CTX_DAG_RUN_ID='manual__2026-09-23T15:17:47+00:00'
[2026-09-23T15:18:07.578+0000] {taskinstance.py:732} INFO - ::endgroup::
[2026-09-23T15:18:07.605+0000] {subprocess.py:78} INFO - Tmp dir root location: /tmp
[2026-09-23T15:18:07.612+0000] {subprocess.py:88} INFO - Running command: ['/usr/bin/bash', '-c', 'cd /opt/airflow/project && PIPELINE_RUN_ID="manual__2026-09-23T15:17:47+00:00" python -m src.cli transform']
[2026-09-23T15:18:07.643+0000] {subprocess.py:99} INFO - Output:
[2026-09-23T15:18:12.105+0000] {subprocess.py:106} INFO - 2026-09-23 15:18:12,105 - INFO - [dss150p_pipeline] Starting stage: Transform
[2026-09-23T15:18:21.539+0000] {subprocess.py:106} INFO - 2026-09-23 15:18:21,539 - INFO - [dss150p_pipeline] Successfully completed stage: Transform
[2026-09-23T15:18:21.782+0000] {subprocess.py:110} INFO - Command exited with return code 0
[2026-09-23T15:18:21.851+0000] {taskinstance.py:341} INFO - ::group::Post task execution logs
[2026-09-23T15:18:21.855+0000] {taskinstance.py:353} INFO - Marking task as SUCCESS. dag_id=dss150p_sales_pipeline, task_id=transform, run_id=manual__2026-09-23T15:17:47+00:00, execution_date=20260923T151747, start_date=20260923T151807, end_date=20260923T151821
[2026-09-23T15:18:21.963+0000] {local_task_job_runner.py:266} INFO - Task exited with return code 0
[2026-09-23T15:18:22.010+0000] {taskinstance.py:3901} INFO - 1 downstream tasks scheduled from follow-on schedule check
[2026-09-23T15:18:22.016+0000] {local_task_job_runner.py:245} INFO - ::endgroup::
