[2026-09-23T15:08:34.412+0000] {local_task_job_runner.py:123} INFO - ::group::Pre task execution logs
[2026-09-23T15:08:34.533+0000] {taskinstance.py:2614} INFO - Dependencies all met for dep_context=non-requeueable deps ti=<TaskInstance: dss150p_sales_pipeline.extract manual__2026-09-23T15:06:24+00:00 [queued]>
[2026-09-23T15:08:34.584+0000] {taskinstance.py:2614} INFO - Dependencies all met for dep_context=requeueable deps ti=<TaskInstance: dss150p_sales_pipeline.extract manual__2026-09-23T15:06:24+00:00 [queued]>
[2026-09-23T15:08:34.595+0000] {taskinstance.py:2867} INFO - Starting attempt 1 of 3
[2026-09-23T15:08:34.899+0000] {taskinstance.py:2890} INFO - Executing <Task(BashOperator): extract> on 2026-09-23 15:06:24+00:00
[2026-09-23T15:08:34.994+0000] {standard_task_runner.py:72} INFO - Started process 867 to run task
[2026-09-23T15:08:35.012+0000] {standard_task_runner.py:104} INFO - Running: ['airflow', 'tasks', 'run', 'dss150p_sales_pipeline', 'extract', 'manual__2026-09-23T15:06:24+00:00', '--job-id', '3', '--raw', '--subdir', 'DAGS_FOLDER/dss150p_pipeline.py', '--cfg-path', '/tmp/tmpzd4q8ip_']
[2026-09-23T15:08:35.031+0000] {standard_task_runner.py:105} INFO - Job 3: Subtask extract
[2026-09-23T15:08:35.422+0000] {task_command.py:467} INFO - Running <TaskInstance: dss150p_sales_pipeline.extract manual__2026-09-23T15:06:24+00:00 [running]> on host 458464e6a109
[2026-09-23T15:08:36.209+0000] {taskinstance.py:3134} INFO - Exporting env vars: AIRFLOW_CTX_DAG_OWNER='dss150p' AIRFLOW_CTX_DAG_ID='dss150p_sales_pipeline' AIRFLOW_CTX_TASK_ID='extract' AIRFLOW_CTX_EXECUTION_DATE='2026-09-23T15:06:24+00:00' AIRFLOW_CTX_TRY_NUMBER='1' AIRFLOW_CTX_DAG_RUN_ID='manual__2026-09-23T15:06:24+00:00'
[2026-09-23T15:08:36.217+0000] {taskinstance.py:732} INFO - ::endgroup::
[2026-09-23T15:08:36.400+0000] {subprocess.py:78} INFO - Tmp dir root location: /tmp
[2026-09-23T15:08:36.418+0000] {subprocess.py:88} INFO - Running command: ['/usr/bin/bash', '-c', 'cd /opt/airflow/project && PIPELINE_RUN_ID="manual__2026-09-23T15:06:24+00:00" python -m src.cli extract']
[2026-09-23T15:08:36.465+0000] {subprocess.py:99} INFO - Output:
[2026-09-23T15:08:38.540+0000] {subprocess.py:106} INFO - 2026-09-23 15:08:38,539 - INFO - [dss150p_pipeline] Starting stage: Extract
[2026-09-23T15:08:39.059+0000] {subprocess.py:106} INFO - 2026-09-23 15:08:39,058 - INFO - [dss150p_pipeline] Successfully completed stage: Extract
[2026-09-23T15:08:39.102+0000] {subprocess.py:110} INFO - Command exited with return code 0
[2026-09-23T15:08:39.207+0000] {taskinstance.py:341} INFO - ::group::Post task execution logs
[2026-09-23T15:08:39.209+0000] {taskinstance.py:353} INFO - Marking task as SUCCESS. dag_id=dss150p_sales_pipeline, task_id=extract, run_id=manual__2026-09-23T15:06:24+00:00, execution_date=20260923T150624, start_date=20260923T150834, end_date=20260923T150839
[2026-09-23T15:08:39.358+0000] {local_task_job_runner.py:266} INFO - Task exited with return code 0
[2026-09-23T15:08:39.430+0000] {taskinstance.py:3901} INFO - 1 downstream tasks scheduled from follow-on schedule check
[2026-09-23T15:08:39.442+0000] {local_task_job_runner.py:245} INFO - ::endgroup::
