[2026-09-24T05:44:20.820+0000] {local_task_job_runner.py:123} INFO - ::group::Pre task execution logs
[2026-09-24T05:44:21.568+0000] {taskinstance.py:2614} INFO - Dependencies all met for dep_context=non-requeueable deps ti=<TaskInstance: dss150p_sales_pipeline.extract scheduled__2026-09-23T02:00:00+00:00 [queued]>
[2026-09-24T05:44:22.035+0000] {taskinstance.py:2614} INFO - Dependencies all met for dep_context=requeueable deps ti=<TaskInstance: dss150p_sales_pipeline.extract scheduled__2026-09-23T02:00:00+00:00 [queued]>
[2026-09-24T05:44:22.275+0000] {taskinstance.py:2867} INFO - Starting attempt 1 of 3
[2026-09-24T05:44:22.673+0000] {taskinstance.py:2890} INFO - Executing <Task(BashOperator): extract> on 2026-09-23 02:00:00+00:00
[2026-09-24T05:44:23.030+0000] {standard_task_runner.py:72} INFO - Started process 1826 to run task
[2026-09-24T05:44:23.128+0000] {standard_task_runner.py:104} INFO - Running: ['airflow', 'tasks', 'run', 'dss150p_sales_pipeline', 'extract', 'scheduled__2026-09-23T02:00:00+00:00', '--job-id', '21', '--raw', '--subdir', 'DAGS_FOLDER/dss150p_pipeline.py', '--cfg-path', '/tmp/tmpwk7qdn8k']
[2026-09-24T05:44:23.208+0000] {standard_task_runner.py:105} INFO - Job 21: Subtask extract
[2026-09-24T05:44:25.121+0000] {task_command.py:467} INFO - Running <TaskInstance: dss150p_sales_pipeline.extract scheduled__2026-09-23T02:00:00+00:00 [running]> on host 458464e6a109
[2026-09-24T05:44:29.401+0000] {taskinstance.py:3134} INFO - Exporting env vars: AIRFLOW_CTX_DAG_OWNER='dss150p' AIRFLOW_CTX_DAG_ID='dss150p_sales_pipeline' AIRFLOW_CTX_TASK_ID='extract' AIRFLOW_CTX_EXECUTION_DATE='2026-09-23T02:00:00+00:00' AIRFLOW_CTX_TRY_NUMBER='1' AIRFLOW_CTX_DAG_RUN_ID='scheduled__2026-09-23T02:00:00+00:00'
[2026-09-24T05:44:29.444+0000] {taskinstance.py:732} INFO - ::endgroup::
[2026-09-24T05:44:30.177+0000] {subprocess.py:78} INFO - Tmp dir root location: /tmp
[2026-09-24T05:44:30.220+0000] {subprocess.py:88} INFO - Running command: ['/usr/bin/bash', '-c', 'cd /opt/airflow/project && PIPELINE_RUN_ID="scheduled__2026-09-23T02:00:00+00:00" python -m src.cli extract']
[2026-09-24T05:44:30.389+0000] {subprocess.py:99} INFO - Output:
[2026-09-24T05:44:38.337+0000] {subprocess.py:106} INFO - 2026-09-24 05:44:38,336 - INFO - [dss150p_pipeline] Starting stage: Extract
[2026-09-24T05:44:40.212+0000] {subprocess.py:106} INFO - 2026-09-24 05:44:40,211 - INFO - [dss150p_pipeline] Successfully completed stage: Extract
[2026-09-24T05:44:40.336+0000] {subprocess.py:110} INFO - Command exited with return code 0
[2026-09-24T05:44:40.682+0000] {taskinstance.py:341} INFO - ::group::Post task execution logs
[2026-09-24T05:44:40.689+0000] {taskinstance.py:353} INFO - Marking task as SUCCESS. dag_id=dss150p_sales_pipeline, task_id=extract, run_id=scheduled__2026-09-23T02:00:00+00:00, execution_date=20260923T020000, start_date=20260924T054421, end_date=20260924T054440
[2026-09-24T05:44:41.039+0000] {local_task_job_runner.py:266} INFO - Task exited with return code 0
[2026-09-24T05:44:41.276+0000] {taskinstance.py:3901} INFO - 0 downstream tasks scheduled from follow-on schedule check
[2026-09-24T05:44:41.293+0000] {standard_task_runner.py:217} INFO - Process not found (most likely exited), stop collecting metrics
[2026-09-24T05:44:41.296+0000] {local_task_job_runner.py:245} INFO - ::endgroup::
