[2026-09-24T05:44:51.286+0000] {local_task_job_runner.py:123} INFO - ::group::Pre task execution logs
[2026-09-24T05:44:51.653+0000] {taskinstance.py:2614} INFO - Dependencies all met for dep_context=non-requeueable deps ti=<TaskInstance: dss150p_sales_pipeline.transform scheduled__2026-09-23T02:00:00+00:00 [queued]>
[2026-09-24T05:44:51.782+0000] {taskinstance.py:2614} INFO - Dependencies all met for dep_context=requeueable deps ti=<TaskInstance: dss150p_sales_pipeline.transform scheduled__2026-09-23T02:00:00+00:00 [queued]>
[2026-09-24T05:44:51.790+0000] {taskinstance.py:2867} INFO - Starting attempt 1 of 3
[2026-09-24T05:44:52.024+0000] {taskinstance.py:2890} INFO - Executing <Task(BashOperator): transform> on 2026-09-23 02:00:00+00:00
[2026-09-24T05:44:52.041+0000] {standard_task_runner.py:72} INFO - Started process 1833 to run task
[2026-09-24T05:44:52.096+0000] {standard_task_runner.py:104} INFO - Running: ['airflow', 'tasks', 'run', 'dss150p_sales_pipeline', 'transform', 'scheduled__2026-09-23T02:00:00+00:00', '--job-id', '22', '--raw', '--subdir', 'DAGS_FOLDER/dss150p_pipeline.py', '--cfg-path', '/tmp/tmph05csqsx']
[2026-09-24T05:44:52.128+0000] {standard_task_runner.py:105} INFO - Job 22: Subtask transform
[2026-09-24T05:44:52.628+0000] {task_command.py:467} INFO - Running <TaskInstance: dss150p_sales_pipeline.transform scheduled__2026-09-23T02:00:00+00:00 [running]> on host 458464e6a109
[2026-09-24T05:44:55.157+0000] {taskinstance.py:3134} INFO - Exporting env vars: AIRFLOW_CTX_DAG_OWNER='dss150p' AIRFLOW_CTX_DAG_ID='dss150p_sales_pipeline' AIRFLOW_CTX_TASK_ID='transform' AIRFLOW_CTX_EXECUTION_DATE='2026-09-23T02:00:00+00:00' AIRFLOW_CTX_TRY_NUMBER='1' AIRFLOW_CTX_DAG_RUN_ID='scheduled__2026-09-23T02:00:00+00:00'
[2026-09-24T05:44:55.181+0000] {taskinstance.py:732} INFO - ::endgroup::
[2026-09-24T05:44:55.809+0000] {subprocess.py:78} INFO - Tmp dir root location: /tmp
[2026-09-24T05:44:55.897+0000] {subprocess.py:88} INFO - Running command: ['/usr/bin/bash', '-c', 'cd /opt/airflow/project && PIPELINE_RUN_ID="scheduled__2026-09-23T02:00:00+00:00" python -m src.cli transform']
[2026-09-24T05:44:56.045+0000] {subprocess.py:99} INFO - Output:
[2026-09-24T05:45:10.230+0000] {subprocess.py:106} INFO - 2026-09-24 05:45:10,229 - INFO - [dss150p_pipeline] Starting stage: Transform
[2026-09-24T05:45:25.101+0000] {subprocess.py:106} INFO - 2026-09-24 05:45:25,099 - INFO - [dss150p_pipeline] Successfully completed stage: Transform
[2026-09-24T05:45:25.445+0000] {subprocess.py:110} INFO - Command exited with return code 0
[2026-09-24T05:45:25.626+0000] {taskinstance.py:341} INFO - ::group::Post task execution logs
[2026-09-24T05:45:25.632+0000] {taskinstance.py:353} INFO - Marking task as SUCCESS. dag_id=dss150p_sales_pipeline, task_id=transform, run_id=scheduled__2026-09-23T02:00:00+00:00, execution_date=20260923T020000, start_date=20260924T054451, end_date=20260924T054525
[2026-09-24T05:45:25.815+0000] {local_task_job_runner.py:266} INFO - Task exited with return code 0
[2026-09-24T05:45:25.957+0000] {taskinstance.py:3901} INFO - 1 downstream tasks scheduled from follow-on schedule check
[2026-09-24T05:45:25.968+0000] {local_task_job_runner.py:245} INFO - ::endgroup::
