[2026-09-23T15:09:02.551+0000] {local_task_job_runner.py:123} INFO - ::group::Pre task execution logs
[2026-09-23T15:09:02.598+0000] {taskinstance.py:2614} INFO - Dependencies all met for dep_context=non-requeueable deps ti=<TaskInstance: dss150p_sales_pipeline.load manual__2026-09-23T15:06:24+00:00 [queued]>
[2026-09-23T15:09:02.626+0000] {taskinstance.py:2614} INFO - Dependencies all met for dep_context=requeueable deps ti=<TaskInstance: dss150p_sales_pipeline.load manual__2026-09-23T15:06:24+00:00 [queued]>
[2026-09-23T15:09:02.631+0000] {taskinstance.py:2867} INFO - Starting attempt 1 of 3
[2026-09-23T15:09:02.671+0000] {taskinstance.py:2890} INFO - Executing <Task(BashOperator): load> on 2026-09-23 15:06:24+00:00
[2026-09-23T15:09:02.696+0000] {standard_task_runner.py:72} INFO - Started process 973 to run task
[2026-09-23T15:09:02.702+0000] {standard_task_runner.py:104} INFO - Running: ['airflow', 'tasks', 'run', 'dss150p_sales_pipeline', 'load', 'manual__2026-09-23T15:06:24+00:00', '--job-id', '8', '--raw', '--subdir', 'DAGS_FOLDER/dss150p_pipeline.py', '--cfg-path', '/tmp/tmp505d6zhp']
[2026-09-23T15:09:02.715+0000] {standard_task_runner.py:105} INFO - Job 8: Subtask load
[2026-09-23T15:09:02.866+0000] {task_command.py:467} INFO - Running <TaskInstance: dss150p_sales_pipeline.load manual__2026-09-23T15:06:24+00:00 [running]> on host 458464e6a109
[2026-09-23T15:09:03.094+0000] {taskinstance.py:3134} INFO - Exporting env vars: AIRFLOW_CTX_DAG_OWNER='dss150p' AIRFLOW_CTX_DAG_ID='dss150p_sales_pipeline' AIRFLOW_CTX_TASK_ID='load' AIRFLOW_CTX_EXECUTION_DATE='2026-09-23T15:06:24+00:00' AIRFLOW_CTX_TRY_NUMBER='1' AIRFLOW_CTX_DAG_RUN_ID='manual__2026-09-23T15:06:24+00:00'
[2026-09-23T15:09:03.099+0000] {taskinstance.py:732} INFO - ::endgroup::
[2026-09-23T15:09:03.135+0000] {subprocess.py:78} INFO - Tmp dir root location: /tmp
[2026-09-23T15:09:03.142+0000] {subprocess.py:88} INFO - Running command: ['/usr/bin/bash', '-c', 'cd /opt/airflow/project && export PIPELINE_RUN_ID=\'manual__2026-09-23T15:06:24+00:00\' && if [ "full" = "partition" ]; then python -m src.cli load-partition --year 2026 --month 1; else python -m src.cli load; fi']
[2026-09-23T15:09:03.176+0000] {subprocess.py:99} INFO - Output:
[2026-09-23T15:09:05.583+0000] {subprocess.py:106} INFO - 2026-09-23 15:09:05,582 - INFO - [dss150p_pipeline] Starting stage: Load
[2026-09-23T15:09:05.588+0000] {subprocess.py:106} INFO - 2026-09-23 15:09:05,588 - INFO - [dss150p_pipeline] Loading data from /opt/airflow/project/data/curated/run_id=manual__2026-09-23T15:06:24+00:00/sales_order_lines.parquet
[2026-09-23T15:09:21.316+0000] {subprocess.py:106} INFO - 2026-09-23 15:09:21,314 - INFO - [dss150p_pipeline] Successfully UPSERTED 0 rows into PostgreSQL.
[2026-09-23T15:09:21.323+0000] {subprocess.py:106} INFO - 2026-09-23 15:09:21,323 - INFO - [dss150p_pipeline] Successfully completed stage: Load
[2026-09-23T15:09:21.593+0000] {subprocess.py:110} INFO - Command exited with return code 0
[2026-09-23T15:09:21.665+0000] {taskinstance.py:341} INFO - ::group::Post task execution logs
[2026-09-23T15:09:21.668+0000] {taskinstance.py:353} INFO - Marking task as SUCCESS. dag_id=dss150p_sales_pipeline, task_id=load, run_id=manual__2026-09-23T15:06:24+00:00, execution_date=20260923T150624, start_date=20260923T150902, end_date=20260923T150921
[2026-09-23T15:09:21.758+0000] {local_task_job_runner.py:266} INFO - Task exited with return code 0
[2026-09-23T15:09:21.814+0000] {taskinstance.py:3901} INFO - 1 downstream tasks scheduled from follow-on schedule check
[2026-09-23T15:09:21.821+0000] {local_task_job_runner.py:245} INFO - ::endgroup::
