[2026-09-23T15:18:01.622+0000] {local_task_job_runner.py:123} INFO - ::group::Pre task execution logs
[2026-09-23T15:18:01.709+0000] {taskinstance.py:2614} INFO - Dependencies all met for dep_context=non-requeueable deps ti=<TaskInstance: dss150p_sales_pipeline.extract manual__2026-09-23T15:17:47+00:00 [queued]>
[2026-09-23T15:18:01.737+0000] {taskinstance.py:2614} INFO - Dependencies all met for dep_context=requeueable deps ti=<TaskInstance: dss150p_sales_pipeline.extract manual__2026-09-23T15:17:47+00:00 [queued]>
[2026-09-23T15:18:01.741+0000] {taskinstance.py:2867} INFO - Starting attempt 1 of 3
[2026-09-23T15:18:01.794+0000] {taskinstance.py:2890} INFO - Executing <Task(BashOperator): extract> on 2026-09-23 15:17:47+00:00
[2026-09-23T15:18:01.835+0000] {standard_task_runner.py:104} INFO - Running: ['airflow', 'tasks', 'run', 'dss150p_sales_pipeline', 'extract', 'manual__2026-09-23T15:17:47+00:00', '--job-id', '11', '--raw', '--subdir', 'DAGS_FOLDER/dss150p_pipeline.py', '--cfg-path', '/tmp/tmpfe7iwyj8']
[2026-09-23T15:18:01.828+0000] {standard_task_runner.py:72} INFO - Started process 1137 to run task
[2026-09-23T15:18:01.846+0000] {standard_task_runner.py:105} INFO - Job 11: Subtask extract
[2026-09-23T15:18:02.294+0000] {task_command.py:467} INFO - Running <TaskInstance: dss150p_sales_pipeline.extract manual__2026-09-23T15:17:47+00:00 [running]> on host 458464e6a109
[2026-09-23T15:18:02.890+0000] {taskinstance.py:3134} INFO - Exporting env vars: AIRFLOW_CTX_DAG_OWNER='dss150p' AIRFLOW_CTX_DAG_ID='dss150p_sales_pipeline' AIRFLOW_CTX_TASK_ID='extract' AIRFLOW_CTX_EXECUTION_DATE='2026-09-23T15:17:47+00:00' AIRFLOW_CTX_TRY_NUMBER='1' AIRFLOW_CTX_DAG_RUN_ID='manual__2026-09-23T15:17:47+00:00'
[2026-09-23T15:18:02.901+0000] {taskinstance.py:732} INFO - ::endgroup::
[2026-09-23T15:18:03.076+0000] {subprocess.py:78} INFO - Tmp dir root location: /tmp
[2026-09-23T15:18:03.097+0000] {subprocess.py:88} INFO - Running command: ['/usr/bin/bash', '-c', 'cd /opt/airflow/project && PIPELINE_RUN_ID="manual__2026-09-23T15:17:47+00:00" python -m src.cli extract']
[2026-09-23T15:18:03.160+0000] {subprocess.py:99} INFO - Output:
[2026-09-23T15:18:04.895+0000] {subprocess.py:106} INFO - 2026-09-23 15:18:04,894 - INFO - [dss150p_pipeline] Starting stage: Extract
[2026-09-23T15:18:05.415+0000] {subprocess.py:106} INFO - 2026-09-23 15:18:05,415 - INFO - [dss150p_pipeline] Successfully completed stage: Extract
[2026-09-23T15:18:05.453+0000] {subprocess.py:110} INFO - Command exited with return code 0
[2026-09-23T15:18:05.539+0000] {taskinstance.py:341} INFO - ::group::Post task execution logs
[2026-09-23T15:18:05.542+0000] {taskinstance.py:353} INFO - Marking task as SUCCESS. dag_id=dss150p_sales_pipeline, task_id=extract, run_id=manual__2026-09-23T15:17:47+00:00, execution_date=20260923T151747, start_date=20260923T151801, end_date=20260923T151805
[2026-09-23T15:18:05.886+0000] {local_task_job_runner.py:266} INFO - Task exited with return code 0
[2026-09-23T15:18:05.980+0000] {taskinstance.py:3901} INFO - 1 downstream tasks scheduled from follow-on schedule check
[2026-09-23T15:18:05.987+0000] {local_task_job_runner.py:245} INFO - ::endgroup::
