[2026-09-23T15:31:15.607+0000] {local_task_job_runner.py:123} INFO - ::group::Pre task execution logs
[2026-09-23T15:31:15.661+0000] {taskinstance.py:2614} INFO - Dependencies all met for dep_context=non-requeueable deps ti=<TaskInstance: dss150p_sales_pipeline.extract manual__2026-09-23T15:23:52+00:00 [queued]>
[2026-09-23T15:31:15.687+0000] {taskinstance.py:2614} INFO - Dependencies all met for dep_context=requeueable deps ti=<TaskInstance: dss150p_sales_pipeline.extract manual__2026-09-23T15:23:52+00:00 [queued]>
[2026-09-23T15:31:15.692+0000] {taskinstance.py:2867} INFO - Starting attempt 3 of 3
[2026-09-23T15:31:15.734+0000] {taskinstance.py:2890} INFO - Executing <Task(BashOperator): extract> on 2026-09-23 15:23:52+00:00
[2026-09-23T15:31:15.757+0000] {standard_task_runner.py:72} INFO - Started process 1408 to run task
[2026-09-23T15:31:15.763+0000] {standard_task_runner.py:104} INFO - Running: ['airflow', 'tasks', 'run', 'dss150p_sales_pipeline', 'extract', 'manual__2026-09-23T15:23:52+00:00', '--job-id', '17', '--raw', '--subdir', 'DAGS_FOLDER/dss150p_pipeline.py', '--cfg-path', '/tmp/tmp75q8m4nk']
[2026-09-23T15:31:15.775+0000] {standard_task_runner.py:105} INFO - Job 17: Subtask extract
[2026-09-23T15:31:15.929+0000] {task_command.py:467} INFO - Running <TaskInstance: dss150p_sales_pipeline.extract manual__2026-09-23T15:23:52+00:00 [running]> on host 458464e6a109
[2026-09-23T15:31:16.113+0000] {taskinstance.py:3134} INFO - Exporting env vars: AIRFLOW_CTX_DAG_OWNER='dss150p' AIRFLOW_CTX_DAG_ID='dss150p_sales_pipeline' AIRFLOW_CTX_TASK_ID='extract' AIRFLOW_CTX_EXECUTION_DATE='2026-09-23T15:23:52+00:00' AIRFLOW_CTX_TRY_NUMBER='3' AIRFLOW_CTX_DAG_RUN_ID='manual__2026-09-23T15:23:52+00:00'
[2026-09-23T15:31:16.117+0000] {taskinstance.py:732} INFO - ::endgroup::
[2026-09-23T15:31:16.147+0000] {subprocess.py:78} INFO - Tmp dir root location: /tmp
[2026-09-23T15:31:16.154+0000] {subprocess.py:88} INFO - Running command: ['/usr/bin/bash', '-c', 'cd /opt/airflow/project && PIPELINE_RUN_ID="manual__2026-09-23T15:23:52+00:00" python -m src.cli extract']
[2026-09-23T15:31:16.181+0000] {subprocess.py:99} INFO - Output:
[2026-09-23T15:31:17.186+0000] {subprocess.py:106} INFO - 2026-09-23 15:31:17,186 - INFO - [dss150p_pipeline] Starting stage: Extract
[2026-09-23T15:31:17.631+0000] {subprocess.py:106} INFO - 2026-09-23 15:31:17,529 - ERROR - [dss150p_pipeline] FATAL ERROR in pipeline stage 'Extract': Source file missing: /opt/airflow/project/data/source/orders.csv
[2026-09-23T15:31:17.635+0000] {subprocess.py:106} INFO - Traceback (most recent call last):
[2026-09-23T15:31:17.638+0000] {subprocess.py:106} INFO -   File "/opt/airflow/project/src/cli.py", line 21, in execute_stage
[2026-09-23T15:31:17.642+0000] {subprocess.py:106} INFO -     result = func(*args, **kwargs)
[2026-09-23T15:31:17.646+0000] {subprocess.py:106} INFO -              ^^^^^^^^^^^^^^^^^^^^^
[2026-09-23T15:31:17.649+0000] {subprocess.py:106} INFO -   File "/opt/airflow/project/src/extract/files.py", line 27, in extract_sources
[2026-09-23T15:31:17.654+0000] {subprocess.py:106} INFO -     raise FileNotFoundError(f"Source file missing: {src_file}")
[2026-09-23T15:31:17.658+0000] {subprocess.py:106} INFO - FileNotFoundError: Source file missing: /opt/airflow/project/data/source/orders.csv
[2026-09-23T15:31:17.662+0000] {subprocess.py:106} INFO - Traceback (most recent call last):
[2026-09-23T15:31:17.674+0000] {subprocess.py:106} INFO -   File "/opt/airflow/project/src/cli.py", line 21, in execute_stage
[2026-09-23T15:31:17.680+0000] {subprocess.py:106} INFO -     result = func(*args, **kwargs)
[2026-09-23T15:31:17.689+0000] {subprocess.py:106} INFO -              ^^^^^^^^^^^^^^^^^^^^^
[2026-09-23T15:31:17.695+0000] {subprocess.py:106} INFO -   File "/opt/airflow/project/src/extract/files.py", line 27, in extract_sources
[2026-09-23T15:31:17.701+0000] {subprocess.py:106} INFO -     raise FileNotFoundError(f"Source file missing: {src_file}")
[2026-09-23T15:31:17.711+0000] {subprocess.py:106} INFO - FileNotFoundError: Source file missing: /opt/airflow/project/data/source/orders.csv
[2026-09-23T15:31:17.717+0000] {subprocess.py:106} INFO - 
[2026-09-23T15:31:17.759+0000] {subprocess.py:106} INFO - The above exception was the direct cause of the following exception:
[2026-09-23T15:31:17.775+0000] {subprocess.py:106} INFO - 
[2026-09-23T15:31:17.789+0000] {subprocess.py:106} INFO - Traceback (most recent call last):
[2026-09-23T15:31:17.797+0000] {subprocess.py:106} INFO -   File "<frozen runpy>", line 198, in _run_module_as_main
[2026-09-23T15:31:17.813+0000] {subprocess.py:106} INFO -   File "<frozen runpy>", line 88, in _run_code
[2026-09-23T15:31:17.822+0000] {subprocess.py:106} INFO -   File "/opt/airflow/project/src/cli.py", line 166, in <module>
[2026-09-23T15:31:17.827+0000] {subprocess.py:106} INFO -     main()
[2026-09-23T15:31:17.831+0000] {subprocess.py:106} INFO -   File "/opt/airflow/project/src/cli.py", line 57, in main
[2026-09-23T15:31:17.839+0000] {subprocess.py:106} INFO -     execute_stage('Extract', extract_sources, run_id)
[2026-09-23T15:31:17.844+0000] {subprocess.py:106} INFO -   File "/opt/airflow/project/src/cli.py", line 28, in execute_stage
[2026-09-23T15:31:17.848+0000] {subprocess.py:106} INFO -     raise RuntimeError(f"Pipeline failed during {stage_name}") from e
[2026-09-23T15:31:17.850+0000] {subprocess.py:106} INFO - RuntimeError: Pipeline failed during Extract
[2026-09-23T15:31:17.855+0000] {subprocess.py:110} INFO - Command exited with return code 1
[2026-09-23T15:31:17.901+0000] {taskinstance.py:3313} ERROR - Task failed with exception
Traceback (most recent call last):
  File "/home/airflow/.local/lib/python3.11/site-packages/airflow/models/taskinstance.py", line 763, in _execute_task
    result = _execute_callable(context=context, **execute_callable_kwargs)
             ^^^^^^^^^^^^^^^^^^^^^^^^^^^^^^^^^^^^^^^^^^^^^^^^^^^^^^^^^^^^^
  File "/home/airflow/.local/lib/python3.11/site-packages/airflow/models/taskinstance.py", line 734, in _execute_callable
    return ExecutionCallableRunner(
           ^^^^^^^^^^^^^^^^^^^^^^^^
  File "/home/airflow/.local/lib/python3.11/site-packages/airflow/utils/operator_helpers.py", line 252, in run
    return self.func(*args, **kwargs)
           ^^^^^^^^^^^^^^^^^^^^^^^^^^
  File "/home/airflow/.local/lib/python3.11/site-packages/airflow/models/baseoperator.py", line 424, in wrapper
    return func(self, *args, **kwargs)
           ^^^^^^^^^^^^^^^^^^^^^^^^^^^
  File "/home/airflow/.local/lib/python3.11/site-packages/airflow/operators/bash.py", line 276, in execute
    raise AirflowException(
airflow.exceptions.AirflowException: Bash command failed. The command returned a non-zero exit code 1.
[2026-09-23T15:31:17.915+0000] {taskinstance.py:1226} INFO - Marking task as FAILED. dag_id=dss150p_sales_pipeline, task_id=extract, run_id=manual__2026-09-23T15:23:52+00:00, execution_date=20260923T152352, start_date=20260923T153115, end_date=20260923T153117
[2026-09-23T15:31:17.919+0000] {taskinstance.py:1564} INFO - Executing callback at index 0: failure_callback
[2026-09-23T15:31:17.923+0000] {logging_mixin.py:190} INFO - CRITICAL FAILURE: DAG 'dss150p_sales_pipeline' | Task 'extract' | Run ID: manual__2026-09-23T15:23:52+00:00 | Try: 3 | Error: Bash command failed. The command returned a non-zero exit code 1.
[2026-09-23T15:31:17.991+0000] {taskinstance.py:341} INFO - ::group::Post task execution logs
[2026-09-23T15:31:17.997+0000] {standard_task_runner.py:124} ERROR - Failed to execute job 17 for task extract (Bash command failed. The command returned a non-zero exit code 1.; 1408)
Traceback (most recent call last):
  File "/home/airflow/.local/lib/python3.11/site-packages/airflow/task/task_runner/standard_task_runner.py", line 117, in _start_by_fork
    ret = args.func(args, dag=self.dag)
          ^^^^^^^^^^^^^^^^^^^^^^^^^^^^^
  File "/home/airflow/.local/lib/python3.11/site-packages/airflow/cli/cli_config.py", line 49, in command
    return func(*args, **kwargs)
           ^^^^^^^^^^^^^^^^^^^^^
  File "/home/airflow/.local/lib/python3.11/site-packages/airflow/utils/cli.py", line 116, in wrapper
    return f(*args, **kwargs)
           ^^^^^^^^^^^^^^^^^^
  File "/home/airflow/.local/lib/python3.11/site-packages/airflow/cli/commands/task_command.py", line 483, in task_run
    task_return_code = _run_task_by_selected_method(args, _dag, ti)
                       ^^^^^^^^^^^^^^^^^^^^^^^^^^^^^^^^^^^^^^^^^^^^
  File "/home/airflow/.local/lib/python3.11/site-packages/airflow/cli/commands/task_command.py", line 256, in _run_task_by_selected_method
    return _run_raw_task(args, ti)
           ^^^^^^^^^^^^^^^^^^^^^^^
  File "/home/airflow/.local/lib/python3.11/site-packages/airflow/cli/commands/task_command.py", line 341, in _run_raw_task
    return ti._run_raw_task(
           ^^^^^^^^^^^^^^^^^
  File "/home/airflow/.local/lib/python3.11/site-packages/airflow/utils/session.py", line 97, in wrapper
    return func(*args, session=session, **kwargs)
           ^^^^^^^^^^^^^^^^^^^^^^^^^^^^^^^^^^^^^^
  File "/home/airflow/.local/lib/python3.11/site-packages/airflow/models/taskinstance.py", line 3006, in _run_raw_task
    return _run_raw_task(
           ^^^^^^^^^^^^^^
  File "/home/airflow/.local/lib/python3.11/site-packages/airflow/models/taskinstance.py", line 274, in _run_raw_task
    TaskInstance._execute_task_with_callbacks(
  File "/home/airflow/.local/lib/python3.11/site-packages/airflow/models/taskinstance.py", line 3161, in _execute_task_with_callbacks
    result = self._execute_task(context, task_orig)
             ^^^^^^^^^^^^^^^^^^^^^^^^^^^^^^^^^^^^^^
  File "/home/airflow/.local/lib/python3.11/site-packages/airflow/models/taskinstance.py", line 3185, in _execute_task
    return _execute_task(self, context, task_orig)
           ^^^^^^^^^^^^^^^^^^^^^^^^^^^^^^^^^^^^^^^
  File "/home/airflow/.local/lib/python3.11/site-packages/airflow/models/taskinstance.py", line 763, in _execute_task
    result = _execute_callable(context=context, **execute_callable_kwargs)
             ^^^^^^^^^^^^^^^^^^^^^^^^^^^^^^^^^^^^^^^^^^^^^^^^^^^^^^^^^^^^^
  File "/home/airflow/.local/lib/python3.11/site-packages/airflow/models/taskinstance.py", line 734, in _execute_callable
    return ExecutionCallableRunner(
           ^^^^^^^^^^^^^^^^^^^^^^^^
  File "/home/airflow/.local/lib/python3.11/site-packages/airflow/utils/operator_helpers.py", line 252, in run
    return self.func(*args, **kwargs)
           ^^^^^^^^^^^^^^^^^^^^^^^^^^
  File "/home/airflow/.local/lib/python3.11/site-packages/airflow/models/baseoperator.py", line 424, in wrapper
    return func(self, *args, **kwargs)
           ^^^^^^^^^^^^^^^^^^^^^^^^^^^
  File "/home/airflow/.local/lib/python3.11/site-packages/airflow/operators/bash.py", line 276, in execute
    raise AirflowException(
airflow.exceptions.AirflowException: Bash command failed. The command returned a non-zero exit code 1.
[2026-09-23T15:31:18.044+0000] {local_task_job_runner.py:266} INFO - Task exited with return code 1
[2026-09-23T15:31:18.109+0000] {taskinstance.py:3901} INFO - 0 downstream tasks scheduled from follow-on schedule check
[2026-09-23T15:31:18.122+0000] {local_task_job_runner.py:245} INFO - ::endgroup::
