[2026-09-24T05:53:41.452+0000] {local_task_job_runner.py:123} INFO - ::group::Pre task execution logs
[2026-09-24T05:53:41.521+0000] {taskinstance.py:2614} INFO - Dependencies all met for dep_context=non-requeueable deps ti=<TaskInstance: dss150p_sales_pipeline.extract manual__2026-09-23T15:23:52+00:00 [queued]>
[2026-09-24T05:53:41.592+0000] {taskinstance.py:2614} INFO - Dependencies all met for dep_context=requeueable deps ti=<TaskInstance: dss150p_sales_pipeline.extract manual__2026-09-23T15:23:52+00:00 [queued]>
[2026-09-24T05:53:41.598+0000] {taskinstance.py:2867} INFO - Starting attempt 7 of 9
[2026-09-24T05:53:41.715+0000] {taskinstance.py:2890} INFO - Executing <Task(BashOperator): extract> on 2026-09-23 15:23:52+00:00
[2026-09-24T05:53:41.758+0000] {standard_task_runner.py:72} INFO - Started process 229 to run task
[2026-09-24T05:53:41.758+0000] {standard_task_runner.py:104} INFO - Running: ['airflow', 'tasks', 'run', 'dss150p_sales_pipeline', 'extract', 'manual__2026-09-23T15:23:52+00:00', '--job-id', '27', '--raw', '--subdir', 'DAGS_FOLDER/dss150p_pipeline.py', '--cfg-path', '/tmp/tmp2q671ooc']
[2026-09-24T05:53:41.845+0000] {standard_task_runner.py:105} INFO - Job 27: Subtask extract
[2026-09-24T05:53:42.051+0000] {task_command.py:467} INFO - Running <TaskInstance: dss150p_sales_pipeline.extract manual__2026-09-23T15:23:52+00:00 [running]> on host 458464e6a109
[2026-09-24T05:53:42.537+0000] {taskinstance.py:3134} INFO - Exporting env vars: AIRFLOW_CTX_DAG_OWNER='dss150p' AIRFLOW_CTX_DAG_ID='dss150p_sales_pipeline' AIRFLOW_CTX_TASK_ID='extract' AIRFLOW_CTX_EXECUTION_DATE='2026-09-23T15:23:52+00:00' AIRFLOW_CTX_TRY_NUMBER='7' AIRFLOW_CTX_DAG_RUN_ID='manual__2026-09-23T15:23:52+00:00'
[2026-09-24T05:53:42.546+0000] {taskinstance.py:732} INFO - ::endgroup::
[2026-09-24T05:53:42.661+0000] {subprocess.py:78} INFO - Tmp dir root location: /tmp
[2026-09-24T05:53:42.677+0000] {subprocess.py:88} INFO - Running command: ['/usr/bin/bash', '-c', 'cd /opt/airflow/project && PIPELINE_RUN_ID="manual__2026-09-23T15:23:52+00:00" python -m src.cli extract']
[2026-09-24T05:53:42.721+0000] {subprocess.py:99} INFO - Output:
[2026-09-24T05:53:44.849+0000] {subprocess.py:106} INFO - 2026-09-24 05:53:44,848 - INFO - [dss150p_pipeline] Starting stage: Extract
[2026-09-24T05:53:45.525+0000] {subprocess.py:106} INFO - 2026-09-24 05:53:45,525 - INFO - [dss150p_pipeline] Successfully completed stage: Extract
[2026-09-24T05:53:45.564+0000] {subprocess.py:110} INFO - Command exited with return code 0
[2026-09-24T05:53:45.673+0000] {taskinstance.py:341} INFO - ::group::Post task execution logs
[2026-09-24T05:53:45.678+0000] {taskinstance.py:353} INFO - Marking task as SUCCESS. dag_id=dss150p_sales_pipeline, task_id=extract, run_id=manual__2026-09-23T15:23:52+00:00, execution_date=20260923T152352, start_date=20260924T055341, end_date=20260924T055345
[2026-09-24T05:53:45.823+0000] {local_task_job_runner.py:266} INFO - Task exited with return code 0
[2026-09-24T05:53:45.899+0000] {taskinstance.py:3901} INFO - 1 downstream tasks scheduled from follow-on schedule check
[2026-09-24T05:53:45.906+0000] {local_task_job_runner.py:245} INFO - ::endgroup::
