[2026-09-23T15:39:10.191+0000] {local_task_job_runner.py:123} INFO - ::group::Pre task execution logs
[2026-09-23T15:39:10.234+0000] {taskinstance.py:2614} INFO - Dependencies all met for dep_context=non-requeueable deps ti=<TaskInstance: dss150p_sales_pipeline.extract manual__2026-09-23T15:23:52+00:00 [queued]>
[2026-09-23T15:39:10.253+0000] {taskinstance.py:2614} INFO - Dependencies all met for dep_context=requeueable deps ti=<TaskInstance: dss150p_sales_pipeline.extract manual__2026-09-23T15:23:52+00:00 [queued]>
[2026-09-23T15:39:10.256+0000] {taskinstance.py:2867} INFO - Starting attempt 4 of 6
[2026-09-23T15:39:10.286+0000] {taskinstance.py:2890} INFO - Executing <Task(BashOperator): extract> on 2026-09-23 15:23:52+00:00
[2026-09-23T15:39:10.307+0000] {standard_task_runner.py:72} INFO - Started process 1498 to run task
[2026-09-23T15:39:10.314+0000] {standard_task_runner.py:104} INFO - Running: ['airflow', 'tasks', 'run', 'dss150p_sales_pipeline', 'extract', 'manual__2026-09-23T15:23:52+00:00', '--job-id', '18', '--raw', '--subdir', 'DAGS_FOLDER/dss150p_pipeline.py', '--cfg-path', '/tmp/tmp_3quc9oq']
[2026-09-23T15:39:10.320+0000] {standard_task_runner.py:105} INFO - Job 18: Subtask extract
[2026-09-23T15:39:10.466+0000] {task_command.py:467} INFO - Running <TaskInstance: dss150p_sales_pipeline.extract manual__2026-09-23T15:23:52+00:00 [running]> on host 458464e6a109
[2026-09-23T15:39:10.694+0000] {taskinstance.py:3134} INFO - Exporting env vars: AIRFLOW_CTX_DAG_OWNER='dss150p' AIRFLOW_CTX_DAG_ID='dss150p_sales_pipeline' AIRFLOW_CTX_TASK_ID='extract' AIRFLOW_CTX_EXECUTION_DATE='2026-09-23T15:23:52+00:00' AIRFLOW_CTX_TRY_NUMBER='4' AIRFLOW_CTX_DAG_RUN_ID='manual__2026-09-23T15:23:52+00:00'
[2026-09-23T15:39:10.701+0000] {taskinstance.py:732} INFO - ::endgroup::
[2026-09-23T15:39:10.776+0000] {subprocess.py:78} INFO - Tmp dir root location: /tmp
[2026-09-23T15:39:10.796+0000] {subprocess.py:88} INFO - Running command: ['/usr/bin/bash', '-c', 'cd /opt/airflow/project && PIPELINE_RUN_ID="manual__2026-09-23T15:23:52+00:00" python -m src.cli extract']
[2026-09-23T15:39:10.836+0000] {subprocess.py:99} INFO - Output:
[2026-09-23T15:39:11.762+0000] {subprocess.py:106} INFO - 2026-09-23 15:39:11,761 - INFO - [dss150p_pipeline] Starting stage: Extract
[2026-09-23T15:39:11.960+0000] {subprocess.py:106} INFO - 2026-09-23 15:39:11,899 - ERROR - [dss150p_pipeline] FATAL ERROR in pipeline stage 'Extract': Source file missing: /opt/airflow/project/data/source/orders.csv
[2026-09-23T15:39:11.963+0000] {subprocess.py:106} INFO - Traceback (most recent call last):
[2026-09-23T15:39:11.965+0000] {subprocess.py:106} INFO -   File "/opt/airflow/project/src/cli.py", line 21, in execute_stage
[2026-09-23T15:39:11.968+0000] {subprocess.py:106} INFO -     result = func(*args, **kwargs)
[2026-09-23T15:39:11.970+0000] {subprocess.py:106} INFO -              ^^^^^^^^^^^^^^^^^^^^^
[2026-09-23T15:39:11.973+0000] {subprocess.py:106} INFO -   File "/opt/airflow/project/src/extract/files.py", line 27, in extract_sources
[2026-09-23T15:39:11.976+0000] {subprocess.py:106} INFO -     raise FileNotFoundError(f"Source file missing: {src_file}")
[2026-09-23T15:39:11.979+0000] {subprocess.py:106} INFO - FileNotFoundError: Source file missing: /opt/airflow/project/data/source/orders.csv
[2026-09-23T15:39:11.982+0000] {subprocess.py:106} INFO - Traceback (most recent call last):
[2026-09-23T15:39:11.984+0000] {subprocess.py:106} INFO -   File "/opt/airflow/project/src/cli.py", line 21, in execute_stage
[2026-09-23T15:39:11.987+0000] {subprocess.py:106} INFO -     result = func(*args, **kwargs)
[2026-09-23T15:39:11.990+0000] {subprocess.py:106} INFO -              ^^^^^^^^^^^^^^^^^^^^^
[2026-09-23T15:39:11.993+0000] {subprocess.py:106} INFO -   File "/opt/airflow/project/src/extract/files.py", line 27, in extract_sources
[2026-09-23T15:39:11.995+0000] {subprocess.py:106} INFO -     raise FileNotFoundError(f"Source file missing: {src_file}")
[2026-09-23T15:39:11.999+0000] {subprocess.py:106} INFO - FileNotFoundError: Source file missing: /opt/airflow/project/data/source/orders.csv
[2026-09-23T15:39:12.002+0000] {subprocess.py:106} INFO - 
[2026-09-23T15:39:12.005+0000] {subprocess.py:106} INFO - The above exception was the direct cause of the following exception:
[2026-09-23T15:39:12.008+0000] {subprocess.py:106} INFO - 
[2026-09-23T15:39:12.011+0000] {subprocess.py:106} INFO - Traceback (most recent call last):
[2026-09-23T15:39:12.014+0000] {subprocess.py:106} INFO -   File "<frozen runpy>", line 198, in _run_module_as_main
[2026-09-23T15:39:12.017+0000] {subprocess.py:106} INFO -   File "<frozen runpy>", line 88, in _run_code
[2026-09-23T15:39:12.021+0000] {subprocess.py:106} INFO -   File "/opt/airflow/project/src/cli.py", line 166, in <module>
[2026-09-23T15:39:12.025+0000] {subprocess.py:106} INFO -     main()
[2026-09-23T15:39:12.028+0000] {subprocess.py:106} INFO -   File "/opt/airflow/project/src/cli.py", line 57, in main
[2026-09-23T15:39:12.030+0000] {subprocess.py:106} INFO -     execute_stage('Extract', extract_sources, run_id)
[2026-09-23T15:39:12.033+0000] {subprocess.py:106} INFO -   File "/opt/airflow/project/src/cli.py", line 28, in execute_stage
[2026-09-23T15:39:12.036+0000] {subprocess.py:106} INFO -     raise RuntimeError(f"Pipeline failed during {stage_name}") from e
[2026-09-23T15:39:12.038+0000] {subprocess.py:106} INFO - RuntimeError: Pipeline failed during Extract
[2026-09-23T15:39:12.040+0000] {subprocess.py:110} INFO - Command exited with return code 1
[2026-09-23T15:39:12.065+0000] {taskinstance.py:3313} ERROR - Task failed with exception
Traceback (most recent call last):
  File "/home/airflow/.local/lib/python3.11/site-packages/airflow/models/taskinstance.py", line 763, in _execute_task
    result = _execute_callable(context=context, **execute_callable_kwargs)
             ^^^^^^^^^^^^^^^^^^^^^^^^^^^^^^^^^^^^^^^^^^^^^^^^^^^^^^^^^^^^^
  File "/home/airflow/.local/lib/python3.11/site-packages/airflow/models/taskinstance.py", line 734, in _execute_callable
    return ExecutionCallableRunner(
           ^^^^^^^^^^^^^^^^^^^^^^^^
  File "/home/airflow/.local/lib/python3.11/site-packages/airflow/utils/operator_helpers.py", line 252, in run
    return self.func(*args, **kwargs)
           ^^^^^^^^^^^^^^^^^^^^^^^^^^
  File "/home/airflow/.local/lib/python3.11/site-packages/airflow/models/baseoperator.py", line 424, in wrapper
    return func(self, *args, **kwargs)
           ^^^^^^^^^^^^^^^^^^^^^^^^^^^
  File "/home/airflow/.local/lib/python3.11/site-packages/airflow/operators/bash.py", line 276, in execute
    raise AirflowException(
airflow.exceptions.AirflowException: Bash command failed. The command returned a non-zero exit code 1.
[2026-09-23T15:39:12.093+0000] {taskinstance.py:1226} INFO - Marking task as UP_FOR_RETRY. dag_id=dss150p_sales_pipeline, task_id=extract, run_id=manual__2026-09-23T15:23:52+00:00, execution_date=20260923T152352, start_date=20260923T153910, end_date=20260923T153912
[2026-09-23T15:39:12.171+0000] {taskinstance.py:341} INFO - ::group::Post task execution logs
[2026-09-23T15:39:12.175+0000] {standard_task_runner.py:124} ERROR - Failed to execute job 18 for task extract (Bash command failed. The command returned a non-zero exit code 1.; 1498)
Traceback (most recent call last):
  File "/home/airflow/.local/lib/python3.11/site-packages/airflow/task/task_runner/standard_task_runner.py", line 117, in _start_by_fork
    ret = args.func(args, dag=self.dag)
          ^^^^^^^^^^^^^^^^^^^^^^^^^^^^^
  File "/home/airflow/.local/lib/python3.11/site-packages/airflow/cli/cli_config.py", line 49, in command
    return func(*args, **kwargs)
           ^^^^^^^^^^^^^^^^^^^^^
  File "/home/airflow/.local/lib/python3.11/site-packages/airflow/utils/cli.py", line 116, in wrapper
    return f(*args, **kwargs)
           ^^^^^^^^^^^^^^^^^^
  File "/home/airflow/.local/lib/python3.11/site-packages/airflow/cli/commands/task_command.py", line 483, in task_run
    task_return_code = _run_task_by_selected_method(args, _dag, ti)
                       ^^^^^^^^^^^^^^^^^^^^^^^^^^^^^^^^^^^^^^^^^^^^
  File "/home/airflow/.local/lib/python3.11/site-packages/airflow/cli/commands/task_command.py", line 256, in _run_task_by_selected_method
    return _run_raw_task(args, ti)
           ^^^^^^^^^^^^^^^^^^^^^^^
  File "/home/airflow/.local/lib/python3.11/site-packages/airflow/cli/commands/task_command.py", line 341, in _run_raw_task
    return ti._run_raw_task(
           ^^^^^^^^^^^^^^^^^
  File "/home/airflow/.local/lib/python3.11/site-packages/airflow/utils/session.py", line 97, in wrapper
    return func(*args, session=session, **kwargs)
           ^^^^^^^^^^^^^^^^^^^^^^^^^^^^^^^^^^^^^^
  File "/home/airflow/.local/lib/python3.11/site-packages/airflow/models/taskinstance.py", line 3006, in _run_raw_task
    return _run_raw_task(
           ^^^^^^^^^^^^^^
  File "/home/airflow/.local/lib/python3.11/site-packages/airflow/models/taskinstance.py", line 274, in _run_raw_task
    TaskInstance._execute_task_with_callbacks(
  File "/home/airflow/.local/lib/python3.11/site-packages/airflow/models/taskinstance.py", line 3161, in _execute_task_with_callbacks
    result = self._execute_task(context, task_orig)
             ^^^^^^^^^^^^^^^^^^^^^^^^^^^^^^^^^^^^^^
  File "/home/airflow/.local/lib/python3.11/site-packages/airflow/models/taskinstance.py", line 3185, in _execute_task
    return _execute_task(self, context, task_orig)
           ^^^^^^^^^^^^^^^^^^^^^^^^^^^^^^^^^^^^^^^
  File "/home/airflow/.local/lib/python3.11/site-packages/airflow/models/taskinstance.py", line 763, in _execute_task
    result = _execute_callable(context=context, **execute_callable_kwargs)
             ^^^^^^^^^^^^^^^^^^^^^^^^^^^^^^^^^^^^^^^^^^^^^^^^^^^^^^^^^^^^^
  File "/home/airflow/.local/lib/python3.11/site-packages/airflow/models/taskinstance.py", line 734, in _execute_callable
    return ExecutionCallableRunner(
           ^^^^^^^^^^^^^^^^^^^^^^^^
  File "/home/airflow/.local/lib/python3.11/site-packages/airflow/utils/operator_helpers.py", line 252, in run
    return self.func(*args, **kwargs)
           ^^^^^^^^^^^^^^^^^^^^^^^^^^
  File "/home/airflow/.local/lib/python3.11/site-packages/airflow/models/baseoperator.py", line 424, in wrapper
    return func(self, *args, **kwargs)
           ^^^^^^^^^^^^^^^^^^^^^^^^^^^
  File "/home/airflow/.local/lib/python3.11/site-packages/airflow/operators/bash.py", line 276, in execute
    raise AirflowException(
airflow.exceptions.AirflowException: Bash command failed. The command returned a non-zero exit code 1.
[2026-09-23T15:39:12.228+0000] {local_task_job_runner.py:266} INFO - Task exited with return code 1
[2026-09-23T15:39:12.266+0000] {taskinstance.py:3901} INFO - 0 downstream tasks scheduled from follow-on schedule check
[2026-09-23T15:39:12.271+0000] {local_task_job_runner.py:245} INFO - ::endgroup::
