[2026-09-23T15:40:13.547+0000] {local_task_job_runner.py:123} INFO - ::group::Pre task execution logs
[2026-09-23T15:40:13.585+0000] {taskinstance.py:2614} INFO - Dependencies all met for dep_context=non-requeueable deps ti=<TaskInstance: dss150p_sales_pipeline.extract manual__2026-09-23T15:23:52+00:00 [queued]>
[2026-09-23T15:40:13.600+0000] {taskinstance.py:2614} INFO - Dependencies all met for dep_context=requeueable deps ti=<TaskInstance: dss150p_sales_pipeline.extract manual__2026-09-23T15:23:52+00:00 [queued]>
[2026-09-23T15:40:13.603+0000] {taskinstance.py:2867} INFO - Starting attempt 5 of 6
[2026-09-23T15:40:13.630+0000] {taskinstance.py:2890} INFO - Executing <Task(BashOperator): extract> on 2026-09-23 15:23:52+00:00
[2026-09-23T15:40:13.646+0000] {standard_task_runner.py:72} INFO - Started process 1512 to run task
[2026-09-23T15:40:13.669+0000] {standard_task_runner.py:104} INFO - Running: ['airflow', 'tasks', 'run', 'dss150p_sales_pipeline', 'extract', 'manual__2026-09-23T15:23:52+00:00', '--job-id', '19', '--raw', '--subdir', 'DAGS_FOLDER/dss150p_pipeline.py', '--cfg-path', '/tmp/tmpfn6ug6ay']
[2026-09-23T15:40:13.676+0000] {standard_task_runner.py:105} INFO - Job 19: Subtask extract
[2026-09-23T15:40:13.798+0000] {task_command.py:467} INFO - Running <TaskInstance: dss150p_sales_pipeline.extract manual__2026-09-23T15:23:52+00:00 [running]> on host 458464e6a109
[2026-09-23T15:40:14.177+0000] {taskinstance.py:3134} INFO - Exporting env vars: AIRFLOW_CTX_DAG_OWNER='dss150p' AIRFLOW_CTX_DAG_ID='dss150p_sales_pipeline' AIRFLOW_CTX_TASK_ID='extract' AIRFLOW_CTX_EXECUTION_DATE='2026-09-23T15:23:52+00:00' AIRFLOW_CTX_TRY_NUMBER='5' AIRFLOW_CTX_DAG_RUN_ID='manual__2026-09-23T15:23:52+00:00'
[2026-09-23T15:40:14.191+0000] {taskinstance.py:732} INFO - ::endgroup::
[2026-09-23T15:40:14.239+0000] {subprocess.py:78} INFO - Tmp dir root location: /tmp
[2026-09-23T15:40:14.245+0000] {subprocess.py:88} INFO - Running command: ['/usr/bin/bash', '-c', 'cd /opt/airflow/project && PIPELINE_RUN_ID="manual__2026-09-23T15:23:52+00:00" python -m src.cli extract']
[2026-09-23T15:40:14.280+0000] {subprocess.py:99} INFO - Output:
[2026-09-23T15:40:15.313+0000] {subprocess.py:106} INFO - 2026-09-23 15:40:15,312 - INFO - [dss150p_pipeline] Starting stage: Extract
[2026-09-23T15:40:15.526+0000] {subprocess.py:106} INFO - 2026-09-23 15:40:15,479 - ERROR - [dss150p_pipeline] FATAL ERROR in pipeline stage 'Extract': Source file missing: /opt/airflow/project/data/source/orders.csv
[2026-09-23T15:40:15.529+0000] {subprocess.py:106} INFO - Traceback (most recent call last):
[2026-09-23T15:40:15.532+0000] {subprocess.py:106} INFO -   File "/opt/airflow/project/src/cli.py", line 21, in execute_stage
[2026-09-23T15:40:15.534+0000] {subprocess.py:106} INFO -     result = func(*args, **kwargs)
[2026-09-23T15:40:15.538+0000] {subprocess.py:106} INFO -              ^^^^^^^^^^^^^^^^^^^^^
[2026-09-23T15:40:15.541+0000] {subprocess.py:106} INFO -   File "/opt/airflow/project/src/extract/files.py", line 27, in extract_sources
[2026-09-23T15:40:15.544+0000] {subprocess.py:106} INFO -     raise FileNotFoundError(f"Source file missing: {src_file}")
[2026-09-23T15:40:15.547+0000] {subprocess.py:106} INFO - FileNotFoundError: Source file missing: /opt/airflow/project/data/source/orders.csv
[2026-09-23T15:40:15.549+0000] {subprocess.py:106} INFO - Traceback (most recent call last):
[2026-09-23T15:40:15.552+0000] {subprocess.py:106} INFO -   File "/opt/airflow/project/src/cli.py", line 21, in execute_stage
[2026-09-23T15:40:15.556+0000] {subprocess.py:106} INFO -     result = func(*args, **kwargs)
[2026-09-23T15:40:15.559+0000] {subprocess.py:106} INFO -              ^^^^^^^^^^^^^^^^^^^^^
[2026-09-23T15:40:15.562+0000] {subprocess.py:106} INFO -   File "/opt/airflow/project/src/extract/files.py", line 27, in extract_sources
[2026-09-23T15:40:15.565+0000] {subprocess.py:106} INFO -     raise FileNotFoundError(f"Source file missing: {src_file}")
[2026-09-23T15:40:15.568+0000] {subprocess.py:106} INFO - FileNotFoundError: Source file missing: /opt/airflow/project/data/source/orders.csv
[2026-09-23T15:40:15.573+0000] {subprocess.py:106} INFO - 
[2026-09-23T15:40:15.577+0000] {subprocess.py:106} INFO - The above exception was the direct cause of the following exception:
[2026-09-23T15:40:15.580+0000] {subprocess.py:106} INFO - 
[2026-09-23T15:40:15.583+0000] {subprocess.py:106} INFO - Traceback (most recent call last):
[2026-09-23T15:40:15.586+0000] {subprocess.py:106} INFO -   File "<frozen runpy>", line 198, in _run_module_as_main
[2026-09-23T15:40:15.591+0000] {subprocess.py:106} INFO -   File "<frozen runpy>", line 88, in _run_code
[2026-09-23T15:40:15.594+0000] {subprocess.py:106} INFO -   File "/opt/airflow/project/src/cli.py", line 166, in <module>
[2026-09-23T15:40:15.596+0000] {subprocess.py:106} INFO -     main()
[2026-09-23T15:40:15.599+0000] {subprocess.py:106} INFO -   File "/opt/airflow/project/src/cli.py", line 57, in main
[2026-09-23T15:40:15.602+0000] {subprocess.py:106} INFO -     execute_stage('Extract', extract_sources, run_id)
[2026-09-23T15:40:15.605+0000] {subprocess.py:106} INFO -   File "/opt/airflow/project/src/cli.py", line 28, in execute_stage
[2026-09-23T15:40:15.608+0000] {subprocess.py:106} INFO -     raise RuntimeError(f"Pipeline failed during {stage_name}") from e
[2026-09-23T15:40:15.612+0000] {subprocess.py:106} INFO - RuntimeError: Pipeline failed during Extract
[2026-09-23T15:40:15.614+0000] {subprocess.py:110} INFO - Command exited with return code 1
[2026-09-23T15:40:15.641+0000] {taskinstance.py:3313} ERROR - Task failed with exception
Traceback (most recent call last):
  File "/home/airflow/.local/lib/python3.11/site-packages/airflow/models/taskinstance.py", line 763, in _execute_task
    result = _execute_callable(context=context, **execute_callable_kwargs)
             ^^^^^^^^^^^^^^^^^^^^^^^^^^^^^^^^^^^^^^^^^^^^^^^^^^^^^^^^^^^^^
  File "/home/airflow/.local/lib/python3.11/site-packages/airflow/models/taskinstance.py", line 734, in _execute_callable
    return ExecutionCallableRunner(
           ^^^^^^^^^^^^^^^^^^^^^^^^
  File "/home/airflow/.local/lib/python3.11/site-packages/airflow/utils/operator_helpers.py", line 252, in run
    return self.func(*args, **kwargs)
           ^^^^^^^^^^^^^^^^^^^^^^^^^^
  File "/home/airflow/.local/lib/python3.11/site-packages/airflow/models/baseoperator.py", line 424, in wrapper
    return func(self, *args, **kwargs)
           ^^^^^^^^^^^^^^^^^^^^^^^^^^^
  File "/home/airflow/.local/lib/python3.11/site-packages/airflow/operators/bash.py", line 276, in execute
    raise AirflowException(
airflow.exceptions.AirflowException: Bash command failed. The command returned a non-zero exit code 1.
[2026-09-23T15:40:15.656+0000] {taskinstance.py:1226} INFO - Marking task as UP_FOR_RETRY. dag_id=dss150p_sales_pipeline, task_id=extract, run_id=manual__2026-09-23T15:23:52+00:00, execution_date=20260923T152352, start_date=20260923T154013, end_date=20260923T154015
[2026-09-23T15:40:15.725+0000] {taskinstance.py:341} INFO - ::group::Post task execution logs
[2026-09-23T15:40:15.731+0000] {standard_task_runner.py:124} ERROR - Failed to execute job 19 for task extract (Bash command failed. The command returned a non-zero exit code 1.; 1512)
Traceback (most recent call last):
  File "/home/airflow/.local/lib/python3.11/site-packages/airflow/task/task_runner/standard_task_runner.py", line 117, in _start_by_fork
    ret = args.func(args, dag=self.dag)
          ^^^^^^^^^^^^^^^^^^^^^^^^^^^^^
  File "/home/airflow/.local/lib/python3.11/site-packages/airflow/cli/cli_config.py", line 49, in command
    return func(*args, **kwargs)
           ^^^^^^^^^^^^^^^^^^^^^
  File "/home/airflow/.local/lib/python3.11/site-packages/airflow/utils/cli.py", line 116, in wrapper
    return f(*args, **kwargs)
           ^^^^^^^^^^^^^^^^^^
  File "/home/airflow/.local/lib/python3.11/site-packages/airflow/cli/commands/task_command.py", line 483, in task_run
    task_return_code = _run_task_by_selected_method(args, _dag, ti)
                       ^^^^^^^^^^^^^^^^^^^^^^^^^^^^^^^^^^^^^^^^^^^^
  File "/home/airflow/.local/lib/python3.11/site-packages/airflow/cli/commands/task_command.py", line 256, in _run_task_by_selected_method
    return _run_raw_task(args, ti)
           ^^^^^^^^^^^^^^^^^^^^^^^
  File "/home/airflow/.local/lib/python3.11/site-packages/airflow/cli/commands/task_command.py", line 341, in _run_raw_task
    return ti._run_raw_task(
           ^^^^^^^^^^^^^^^^^
  File "/home/airflow/.local/lib/python3.11/site-packages/airflow/utils/session.py", line 97, in wrapper
    return func(*args, session=session, **kwargs)
           ^^^^^^^^^^^^^^^^^^^^^^^^^^^^^^^^^^^^^^
  File "/home/airflow/.local/lib/python3.11/site-packages/airflow/models/taskinstance.py", line 3006, in _run_raw_task
    return _run_raw_task(
           ^^^^^^^^^^^^^^
  File "/home/airflow/.local/lib/python3.11/site-packages/airflow/models/taskinstance.py", line 274, in _run_raw_task
    TaskInstance._execute_task_with_callbacks(
  File "/home/airflow/.local/lib/python3.11/site-packages/airflow/models/taskinstance.py", line 3161, in _execute_task_with_callbacks
    result = self._execute_task(context, task_orig)
             ^^^^^^^^^^^^^^^^^^^^^^^^^^^^^^^^^^^^^^
  File "/home/airflow/.local/lib/python3.11/site-packages/airflow/models/taskinstance.py", line 3185, in _execute_task
    return _execute_task(self, context, task_orig)
           ^^^^^^^^^^^^^^^^^^^^^^^^^^^^^^^^^^^^^^^
  File "/home/airflow/.local/lib/python3.11/site-packages/airflow/models/taskinstance.py", line 763, in _execute_task
    result = _execute_callable(context=context, **execute_callable_kwargs)
             ^^^^^^^^^^^^^^^^^^^^^^^^^^^^^^^^^^^^^^^^^^^^^^^^^^^^^^^^^^^^^
  File "/home/airflow/.local/lib/python3.11/site-packages/airflow/models/taskinstance.py", line 734, in _execute_callable
    return ExecutionCallableRunner(
           ^^^^^^^^^^^^^^^^^^^^^^^^
  File "/home/airflow/.local/lib/python3.11/site-packages/airflow/utils/operator_helpers.py", line 252, in run
    return self.func(*args, **kwargs)
           ^^^^^^^^^^^^^^^^^^^^^^^^^^
  File "/home/airflow/.local/lib/python3.11/site-packages/airflow/models/baseoperator.py", line 424, in wrapper
    return func(self, *args, **kwargs)
           ^^^^^^^^^^^^^^^^^^^^^^^^^^^
  File "/home/airflow/.local/lib/python3.11/site-packages/airflow/operators/bash.py", line 276, in execute
    raise AirflowException(
airflow.exceptions.AirflowException: Bash command failed. The command returned a non-zero exit code 1.
[2026-09-23T15:40:15.769+0000] {local_task_job_runner.py:266} INFO - Task exited with return code 1
[2026-09-23T15:40:15.809+0000] {taskinstance.py:3901} INFO - 0 downstream tasks scheduled from follow-on schedule check
[2026-09-23T15:40:15.815+0000] {local_task_job_runner.py:245} INFO - ::endgroup::
