[2026-09-24T05:54:06.397+0000] {local_task_job_runner.py:123} INFO - ::group::Pre task execution logs
[2026-09-24T05:54:06.456+0000] {taskinstance.py:2614} INFO - Dependencies all met for dep_context=non-requeueable deps ti=<TaskInstance: dss150p_sales_pipeline.load manual__2026-09-23T15:23:52+00:00 [queued]>
[2026-09-24T05:54:06.484+0000] {taskinstance.py:2614} INFO - Dependencies all met for dep_context=requeueable deps ti=<TaskInstance: dss150p_sales_pipeline.load manual__2026-09-23T15:23:52+00:00 [queued]>
[2026-09-24T05:54:06.488+0000] {taskinstance.py:2867} INFO - Starting attempt 1 of 3
[2026-09-24T05:54:06.515+0000] {taskinstance.py:2890} INFO - Executing <Task(BashOperator): load> on 2026-09-23 15:23:52+00:00
[2026-09-24T05:54:06.537+0000] {standard_task_runner.py:72} INFO - Started process 283 to run task
[2026-09-24T05:54:06.553+0000] {standard_task_runner.py:104} INFO - Running: ['airflow', 'tasks', 'run', 'dss150p_sales_pipeline', 'load', 'manual__2026-09-23T15:23:52+00:00', '--job-id', '29', '--raw', '--subdir', 'DAGS_FOLDER/dss150p_pipeline.py', '--cfg-path', '/tmp/tmpmkpxgh4l']
[2026-09-24T05:54:06.561+0000] {standard_task_runner.py:105} INFO - Job 29: Subtask load
[2026-09-24T05:54:06.700+0000] {task_command.py:467} INFO - Running <TaskInstance: dss150p_sales_pipeline.load manual__2026-09-23T15:23:52+00:00 [running]> on host 458464e6a109
[2026-09-24T05:54:06.922+0000] {taskinstance.py:3134} INFO - Exporting env vars: AIRFLOW_CTX_DAG_OWNER='dss150p' AIRFLOW_CTX_DAG_ID='dss150p_sales_pipeline' AIRFLOW_CTX_TASK_ID='load' AIRFLOW_CTX_EXECUTION_DATE='2026-09-23T15:23:52+00:00' AIRFLOW_CTX_TRY_NUMBER='1' AIRFLOW_CTX_DAG_RUN_ID='manual__2026-09-23T15:23:52+00:00'
[2026-09-24T05:54:06.929+0000] {taskinstance.py:732} INFO - ::endgroup::
[2026-09-24T05:54:06.982+0000] {subprocess.py:78} INFO - Tmp dir root location: /tmp
[2026-09-24T05:54:06.988+0000] {subprocess.py:88} INFO - Running command: ['/usr/bin/bash', '-c', 'cd /opt/airflow/project && export PIPELINE_RUN_ID=\'manual__2026-09-23T15:23:52+00:00\' && if [ "full" = "partition" ]; then python -m src.cli load-partition --year 2026 --month 1; else python -m src.cli load; fi']
[2026-09-24T05:54:07.035+0000] {subprocess.py:99} INFO - Output:
[2026-09-24T05:54:09.758+0000] {subprocess.py:106} INFO - 2026-09-24 05:54:09,758 - INFO - [dss150p_pipeline] Starting stage: Load
[2026-09-24T05:54:09.767+0000] {subprocess.py:106} INFO - 2026-09-24 05:54:09,766 - INFO - [dss150p_pipeline] Loading data from /opt/airflow/project/data/curated/run_id=manual__2026-09-23T15:23:52+00:00/sales_order_lines.parquet
[2026-09-24T05:54:23.883+0000] {subprocess.py:106} INFO - 2026-09-24 05:54:23,882 - INFO - [dss150p_pipeline] Successfully UPSERTED 0 rows into PostgreSQL.
[2026-09-24T05:54:23.895+0000] {subprocess.py:106} INFO - 2026-09-24 05:54:23,894 - INFO - [dss150p_pipeline] Successfully completed stage: Load
[2026-09-24T05:54:24.390+0000] {subprocess.py:110} INFO - Command exited with return code 0
[2026-09-24T05:54:24.466+0000] {taskinstance.py:341} INFO - ::group::Post task execution logs
[2026-09-24T05:54:24.470+0000] {taskinstance.py:353} INFO - Marking task as SUCCESS. dag_id=dss150p_sales_pipeline, task_id=load, run_id=manual__2026-09-23T15:23:52+00:00, execution_date=20260923T152352, start_date=20260924T055406, end_date=20260924T055424
[2026-09-24T05:54:24.595+0000] {local_task_job_runner.py:266} INFO - Task exited with return code 0
[2026-09-24T05:54:24.656+0000] {taskinstance.py:3901} INFO - 1 downstream tasks scheduled from follow-on schedule check
[2026-09-24T05:54:24.663+0000] {local_task_job_runner.py:245} INFO - ::endgroup::
