[2026-09-24T05:44:11.860+0000] {processor.py:186} INFO - Started process (PID=1821) to work on /opt/airflow/dags/dss150p_pipeline.py
[2026-09-24T05:44:11.964+0000] {processor.py:914} INFO - Processing file /opt/airflow/dags/dss150p_pipeline.py for tasks to queue
[2026-09-24T05:44:12.183+0000] {logging_mixin.py:190} INFO - [2026-09-24T05:44:12.176+0000] {dagbag.py:588} INFO - Filling up the DagBag from /opt/airflow/dags/dss150p_pipeline.py
[2026-09-24T05:44:13.786+0000] {processor.py:925} INFO - DAG(s) 'dss150p_sales_pipeline' retrieved from /opt/airflow/dags/dss150p_pipeline.py
[2026-09-24T05:44:15.445+0000] {logging_mixin.py:190} INFO - [2026-09-24T05:44:15.444+0000] {dag.py:3239} INFO - Sync 1 DAGs
[2026-09-24T05:44:17.000+0000] {logging_mixin.py:190} INFO - [2026-09-24T05:44:16.999+0000] {dag.py:4180} INFO - Setting next_dagrun for dss150p_sales_pipeline to 2026-09-24 02:00:00+00:00, run_after=2026-09-25 02:00:00+00:00
[2026-09-24T05:44:17.285+0000] {processor.py:208} INFO - Processing /opt/airflow/dags/dss150p_pipeline.py took 5.955 seconds
[2026-09-24T05:44:50.130+0000] {processor.py:186} INFO - Started process (PID=1830) to work on /opt/airflow/dags/dss150p_pipeline.py
[2026-09-24T05:44:50.201+0000] {processor.py:914} INFO - Processing file /opt/airflow/dags/dss150p_pipeline.py for tasks to queue
[2026-09-24T05:44:50.520+0000] {logging_mixin.py:190} INFO - [2026-09-24T05:44:50.476+0000] {dagbag.py:588} INFO - Filling up the DagBag from /opt/airflow/dags/dss150p_pipeline.py
[2026-09-24T05:44:51.483+0000] {processor.py:925} INFO - DAG(s) 'dss150p_sales_pipeline' retrieved from /opt/airflow/dags/dss150p_pipeline.py
[2026-09-24T05:44:52.735+0000] {logging_mixin.py:190} INFO - [2026-09-24T05:44:52.734+0000] {dag.py:3239} INFO - Sync 1 DAGs
[2026-09-24T05:44:54.554+0000] {logging_mixin.py:190} INFO - [2026-09-24T05:44:54.552+0000] {dag.py:4180} INFO - Setting next_dagrun for dss150p_sales_pipeline to 2026-09-24 02:00:00+00:00, run_after=2026-09-25 02:00:00+00:00
[2026-09-24T05:44:55.029+0000] {processor.py:208} INFO - Processing /opt/airflow/dags/dss150p_pipeline.py took 5.981 seconds
[2026-09-24T05:45:25.794+0000] {processor.py:186} INFO - Started process (PID=1878) to work on /opt/airflow/dags/dss150p_pipeline.py
[2026-09-24T05:45:25.798+0000] {processor.py:914} INFO - Processing file /opt/airflow/dags/dss150p_pipeline.py for tasks to queue
[2026-09-24T05:45:25.811+0000] {logging_mixin.py:190} INFO - [2026-09-24T05:45:25.810+0000] {dagbag.py:588} INFO - Filling up the DagBag from /opt/airflow/dags/dss150p_pipeline.py
[2026-09-24T05:45:25.910+0000] {processor.py:925} INFO - DAG(s) 'dss150p_sales_pipeline' retrieved from /opt/airflow/dags/dss150p_pipeline.py
[2026-09-24T05:45:26.099+0000] {logging_mixin.py:190} INFO - [2026-09-24T05:45:26.098+0000] {dag.py:3239} INFO - Sync 1 DAGs
[2026-09-24T05:45:26.234+0000] {logging_mixin.py:190} INFO - [2026-09-24T05:45:26.233+0000] {dag.py:4180} INFO - Setting next_dagrun for dss150p_sales_pipeline to 2026-09-24 02:00:00+00:00, run_after=2026-09-25 02:00:00+00:00
[2026-09-24T05:45:26.362+0000] {processor.py:208} INFO - Processing /opt/airflow/dags/dss150p_pipeline.py took 0.628 seconds
[2026-09-24T05:45:56.669+0000] {processor.py:186} INFO - Started process (PID=1909) to work on /opt/airflow/dags/dss150p_pipeline.py
[2026-09-24T05:45:56.681+0000] {processor.py:914} INFO - Processing file /opt/airflow/dags/dss150p_pipeline.py for tasks to queue
[2026-09-24T05:45:56.700+0000] {logging_mixin.py:190} INFO - [2026-09-24T05:45:56.698+0000] {dagbag.py:588} INFO - Filling up the DagBag from /opt/airflow/dags/dss150p_pipeline.py
[2026-09-24T05:45:56.804+0000] {processor.py:925} INFO - DAG(s) 'dss150p_sales_pipeline' retrieved from /opt/airflow/dags/dss150p_pipeline.py
[2026-09-24T05:45:57.260+0000] {logging_mixin.py:190} INFO - [2026-09-24T05:45:57.260+0000] {dag.py:3239} INFO - Sync 1 DAGs
[2026-09-24T05:45:57.333+0000] {logging_mixin.py:190} INFO - [2026-09-24T05:45:57.333+0000] {dag.py:4180} INFO - Setting next_dagrun for dss150p_sales_pipeline to 2026-09-24 02:00:00+00:00, run_after=2026-09-25 02:00:00+00:00
[2026-09-24T05:45:57.421+0000] {processor.py:208} INFO - Processing /opt/airflow/dags/dss150p_pipeline.py took 0.790 seconds
[2026-09-24T05:46:28.181+0000] {processor.py:186} INFO - Started process (PID=1925) to work on /opt/airflow/dags/dss150p_pipeline.py
[2026-09-24T05:46:28.186+0000] {processor.py:914} INFO - Processing file /opt/airflow/dags/dss150p_pipeline.py for tasks to queue
[2026-09-24T05:46:28.234+0000] {logging_mixin.py:190} INFO - [2026-09-24T05:46:28.219+0000] {dagbag.py:588} INFO - Filling up the DagBag from /opt/airflow/dags/dss150p_pipeline.py
[2026-09-24T05:46:28.468+0000] {processor.py:925} INFO - DAG(s) 'dss150p_sales_pipeline' retrieved from /opt/airflow/dags/dss150p_pipeline.py
[2026-09-24T05:46:28.747+0000] {logging_mixin.py:190} INFO - [2026-09-24T05:46:28.747+0000] {dag.py:3239} INFO - Sync 1 DAGs
[2026-09-24T05:46:29.174+0000] {logging_mixin.py:190} INFO - [2026-09-24T05:46:29.173+0000] {dag.py:4180} INFO - Setting next_dagrun for dss150p_sales_pipeline to 2026-09-24 02:00:00+00:00, run_after=2026-09-25 02:00:00+00:00
[2026-09-24T05:46:29.352+0000] {processor.py:208} INFO - Processing /opt/airflow/dags/dss150p_pipeline.py took 1.243 seconds
[2026-09-24T05:47:28.300+0000] {processor.py:186} INFO - Started process (PID=167) to work on /opt/airflow/dags/dss150p_pipeline.py
[2026-09-24T05:47:28.311+0000] {processor.py:914} INFO - Processing file /opt/airflow/dags/dss150p_pipeline.py for tasks to queue
[2026-09-24T05:47:28.319+0000] {logging_mixin.py:190} INFO - [2026-09-24T05:47:28.318+0000] {dagbag.py:588} INFO - Filling up the DagBag from /opt/airflow/dags/dss150p_pipeline.py
[2026-09-24T05:47:28.394+0000] {processor.py:925} INFO - DAG(s) 'dss150p_sales_pipeline' retrieved from /opt/airflow/dags/dss150p_pipeline.py
[2026-09-24T05:47:28.581+0000] {logging_mixin.py:190} INFO - [2026-09-24T05:47:28.580+0000] {dag.py:3239} INFO - Sync 1 DAGs
[2026-09-24T05:47:28.684+0000] {logging_mixin.py:190} INFO - [2026-09-24T05:47:28.683+0000] {dag.py:4180} INFO - Setting next_dagrun for dss150p_sales_pipeline to 2026-09-24 02:00:00+00:00, run_after=2026-09-25 02:00:00+00:00
[2026-09-24T05:47:28.796+0000] {processor.py:208} INFO - Processing /opt/airflow/dags/dss150p_pipeline.py took 0.569 seconds
[2026-09-24T05:48:10.925+0000] {processor.py:186} INFO - Started process (PID=167) to work on /opt/airflow/dags/dss150p_pipeline.py
[2026-09-24T05:48:10.931+0000] {processor.py:914} INFO - Processing file /opt/airflow/dags/dss150p_pipeline.py for tasks to queue
[2026-09-24T05:48:10.938+0000] {logging_mixin.py:190} INFO - [2026-09-24T05:48:10.937+0000] {dagbag.py:588} INFO - Filling up the DagBag from /opt/airflow/dags/dss150p_pipeline.py
[2026-09-24T05:48:11.118+0000] {processor.py:925} INFO - DAG(s) 'dss150p_sales_pipeline' retrieved from /opt/airflow/dags/dss150p_pipeline.py
[2026-09-24T05:48:11.280+0000] {logging_mixin.py:190} INFO - [2026-09-24T05:48:11.279+0000] {dag.py:3239} INFO - Sync 1 DAGs
[2026-09-24T05:48:11.350+0000] {logging_mixin.py:190} INFO - [2026-09-24T05:48:11.349+0000] {dag.py:4180} INFO - Setting next_dagrun for dss150p_sales_pipeline to 2026-09-24 02:00:00+00:00, run_after=2026-09-25 02:00:00+00:00
[2026-09-24T05:48:11.399+0000] {processor.py:208} INFO - Processing /opt/airflow/dags/dss150p_pipeline.py took 0.488 seconds
[2026-09-24T05:48:41.690+0000] {processor.py:186} INFO - Started process (PID=178) to work on /opt/airflow/dags/dss150p_pipeline.py
[2026-09-24T05:48:41.700+0000] {processor.py:914} INFO - Processing file /opt/airflow/dags/dss150p_pipeline.py for tasks to queue
[2026-09-24T05:48:41.725+0000] {logging_mixin.py:190} INFO - [2026-09-24T05:48:41.724+0000] {dagbag.py:588} INFO - Filling up the DagBag from /opt/airflow/dags/dss150p_pipeline.py
[2026-09-24T05:48:41.926+0000] {processor.py:925} INFO - DAG(s) 'dss150p_sales_pipeline' retrieved from /opt/airflow/dags/dss150p_pipeline.py
[2026-09-24T05:48:42.188+0000] {logging_mixin.py:190} INFO - [2026-09-24T05:48:42.187+0000] {dag.py:3239} INFO - Sync 1 DAGs
[2026-09-24T05:48:42.244+0000] {logging_mixin.py:190} INFO - [2026-09-24T05:48:42.244+0000] {dag.py:4180} INFO - Setting next_dagrun for dss150p_sales_pipeline to 2026-09-24 02:00:00+00:00, run_after=2026-09-25 02:00:00+00:00
[2026-09-24T05:48:42.442+0000] {processor.py:208} INFO - Processing /opt/airflow/dags/dss150p_pipeline.py took 0.811 seconds
[2026-09-24T05:49:13.078+0000] {processor.py:186} INFO - Started process (PID=183) to work on /opt/airflow/dags/dss150p_pipeline.py
[2026-09-24T05:49:13.089+0000] {processor.py:914} INFO - Processing file /opt/airflow/dags/dss150p_pipeline.py for tasks to queue
[2026-09-24T05:49:13.099+0000] {logging_mixin.py:190} INFO - [2026-09-24T05:49:13.098+0000] {dagbag.py:588} INFO - Filling up the DagBag from /opt/airflow/dags/dss150p_pipeline.py
[2026-09-24T05:49:13.172+0000] {processor.py:925} INFO - DAG(s) 'dss150p_sales_pipeline' retrieved from /opt/airflow/dags/dss150p_pipeline.py
[2026-09-24T05:49:13.417+0000] {logging_mixin.py:190} INFO - [2026-09-24T05:49:13.417+0000] {dag.py:3239} INFO - Sync 1 DAGs
[2026-09-24T05:49:13.541+0000] {logging_mixin.py:190} INFO - [2026-09-24T05:49:13.540+0000] {dag.py:4180} INFO - Setting next_dagrun for dss150p_sales_pipeline to 2026-09-24 02:00:00+00:00, run_after=2026-09-25 02:00:00+00:00
[2026-09-24T05:49:13.608+0000] {processor.py:208} INFO - Processing /opt/airflow/dags/dss150p_pipeline.py took 0.577 seconds
[2026-09-24T05:49:43.959+0000] {processor.py:186} INFO - Started process (PID=188) to work on /opt/airflow/dags/dss150p_pipeline.py
[2026-09-24T05:49:43.963+0000] {processor.py:914} INFO - Processing file /opt/airflow/dags/dss150p_pipeline.py for tasks to queue
[2026-09-24T05:49:43.973+0000] {logging_mixin.py:190} INFO - [2026-09-24T05:49:43.972+0000] {dagbag.py:588} INFO - Filling up the DagBag from /opt/airflow/dags/dss150p_pipeline.py
[2026-09-24T05:49:44.049+0000] {processor.py:925} INFO - DAG(s) 'dss150p_sales_pipeline' retrieved from /opt/airflow/dags/dss150p_pipeline.py
[2026-09-24T05:49:44.185+0000] {logging_mixin.py:190} INFO - [2026-09-24T05:49:44.184+0000] {dag.py:3239} INFO - Sync 1 DAGs
[2026-09-24T05:49:44.254+0000] {logging_mixin.py:190} INFO - [2026-09-24T05:49:44.253+0000] {dag.py:4180} INFO - Setting next_dagrun for dss150p_sales_pipeline to 2026-09-24 02:00:00+00:00, run_after=2026-09-25 02:00:00+00:00
[2026-09-24T05:49:44.310+0000] {processor.py:208} INFO - Processing /opt/airflow/dags/dss150p_pipeline.py took 0.378 seconds
[2026-09-24T05:50:14.764+0000] {processor.py:186} INFO - Started process (PID=193) to work on /opt/airflow/dags/dss150p_pipeline.py
[2026-09-24T05:50:14.768+0000] {processor.py:914} INFO - Processing file /opt/airflow/dags/dss150p_pipeline.py for tasks to queue
[2026-09-24T05:50:14.776+0000] {logging_mixin.py:190} INFO - [2026-09-24T05:50:14.776+0000] {dagbag.py:588} INFO - Filling up the DagBag from /opt/airflow/dags/dss150p_pipeline.py
[2026-09-24T05:50:14.847+0000] {processor.py:925} INFO - DAG(s) 'dss150p_sales_pipeline' retrieved from /opt/airflow/dags/dss150p_pipeline.py
[2026-09-24T05:50:14.976+0000] {logging_mixin.py:190} INFO - [2026-09-24T05:50:14.975+0000] {dag.py:3239} INFO - Sync 1 DAGs
[2026-09-24T05:50:15.031+0000] {logging_mixin.py:190} INFO - [2026-09-24T05:50:15.030+0000] {dag.py:4180} INFO - Setting next_dagrun for dss150p_sales_pipeline to 2026-09-24 02:00:00+00:00, run_after=2026-09-25 02:00:00+00:00
[2026-09-24T05:50:15.082+0000] {processor.py:208} INFO - Processing /opt/airflow/dags/dss150p_pipeline.py took 0.341 seconds
[2026-09-24T05:50:45.481+0000] {processor.py:186} INFO - Started process (PID=198) to work on /opt/airflow/dags/dss150p_pipeline.py
[2026-09-24T05:50:45.486+0000] {processor.py:914} INFO - Processing file /opt/airflow/dags/dss150p_pipeline.py for tasks to queue
[2026-09-24T05:50:45.496+0000] {logging_mixin.py:190} INFO - [2026-09-24T05:50:45.495+0000] {dagbag.py:588} INFO - Filling up the DagBag from /opt/airflow/dags/dss150p_pipeline.py
[2026-09-24T05:50:45.571+0000] {processor.py:925} INFO - DAG(s) 'dss150p_sales_pipeline' retrieved from /opt/airflow/dags/dss150p_pipeline.py
[2026-09-24T05:50:45.708+0000] {logging_mixin.py:190} INFO - [2026-09-24T05:50:45.707+0000] {dag.py:3239} INFO - Sync 1 DAGs
[2026-09-24T05:50:45.846+0000] {logging_mixin.py:190} INFO - [2026-09-24T05:50:45.844+0000] {dag.py:4180} INFO - Setting next_dagrun for dss150p_sales_pipeline to 2026-09-24 02:00:00+00:00, run_after=2026-09-25 02:00:00+00:00
[2026-09-24T05:50:45.941+0000] {processor.py:208} INFO - Processing /opt/airflow/dags/dss150p_pipeline.py took 0.484 seconds
[2026-09-24T05:51:16.581+0000] {processor.py:186} INFO - Started process (PID=203) to work on /opt/airflow/dags/dss150p_pipeline.py
[2026-09-24T05:51:16.586+0000] {processor.py:914} INFO - Processing file /opt/airflow/dags/dss150p_pipeline.py for tasks to queue
[2026-09-24T05:51:16.598+0000] {logging_mixin.py:190} INFO - [2026-09-24T05:51:16.597+0000] {dagbag.py:588} INFO - Filling up the DagBag from /opt/airflow/dags/dss150p_pipeline.py
[2026-09-24T05:51:16.704+0000] {processor.py:925} INFO - DAG(s) 'dss150p_sales_pipeline' retrieved from /opt/airflow/dags/dss150p_pipeline.py
[2026-09-24T05:51:16.925+0000] {logging_mixin.py:190} INFO - [2026-09-24T05:51:16.925+0000] {dag.py:3239} INFO - Sync 1 DAGs
[2026-09-24T05:51:17.144+0000] {logging_mixin.py:190} INFO - [2026-09-24T05:51:17.143+0000] {dag.py:4180} INFO - Setting next_dagrun for dss150p_sales_pipeline to 2026-09-24 02:00:00+00:00, run_after=2026-09-25 02:00:00+00:00
[2026-09-24T05:51:17.227+0000] {processor.py:208} INFO - Processing /opt/airflow/dags/dss150p_pipeline.py took 0.680 seconds
[2026-09-24T05:51:47.571+0000] {processor.py:186} INFO - Started process (PID=208) to work on /opt/airflow/dags/dss150p_pipeline.py
[2026-09-24T05:51:47.580+0000] {processor.py:914} INFO - Processing file /opt/airflow/dags/dss150p_pipeline.py for tasks to queue
[2026-09-24T05:51:47.591+0000] {logging_mixin.py:190} INFO - [2026-09-24T05:51:47.590+0000] {dagbag.py:588} INFO - Filling up the DagBag from /opt/airflow/dags/dss150p_pipeline.py
[2026-09-24T05:51:47.675+0000] {processor.py:925} INFO - DAG(s) 'dss150p_sales_pipeline' retrieved from /opt/airflow/dags/dss150p_pipeline.py
[2026-09-24T05:51:47.846+0000] {logging_mixin.py:190} INFO - [2026-09-24T05:51:47.845+0000] {dag.py:3239} INFO - Sync 1 DAGs
[2026-09-24T05:51:47.926+0000] {logging_mixin.py:190} INFO - [2026-09-24T05:51:47.926+0000] {dag.py:4180} INFO - Setting next_dagrun for dss150p_sales_pipeline to 2026-09-24 02:00:00+00:00, run_after=2026-09-25 02:00:00+00:00
[2026-09-24T05:51:47.988+0000] {processor.py:208} INFO - Processing /opt/airflow/dags/dss150p_pipeline.py took 0.438 seconds
[2026-09-24T05:52:18.359+0000] {processor.py:186} INFO - Started process (PID=213) to work on /opt/airflow/dags/dss150p_pipeline.py
[2026-09-24T05:52:18.362+0000] {processor.py:914} INFO - Processing file /opt/airflow/dags/dss150p_pipeline.py for tasks to queue
[2026-09-24T05:52:18.370+0000] {logging_mixin.py:190} INFO - [2026-09-24T05:52:18.369+0000] {dagbag.py:588} INFO - Filling up the DagBag from /opt/airflow/dags/dss150p_pipeline.py
[2026-09-24T05:52:18.510+0000] {processor.py:925} INFO - DAG(s) 'dss150p_sales_pipeline' retrieved from /opt/airflow/dags/dss150p_pipeline.py
[2026-09-24T05:52:18.696+0000] {logging_mixin.py:190} INFO - [2026-09-24T05:52:18.695+0000] {dag.py:3239} INFO - Sync 1 DAGs
[2026-09-24T05:52:18.767+0000] {logging_mixin.py:190} INFO - [2026-09-24T05:52:18.766+0000] {dag.py:4180} INFO - Setting next_dagrun for dss150p_sales_pipeline to 2026-09-24 02:00:00+00:00, run_after=2026-09-25 02:00:00+00:00
[2026-09-24T05:52:18.816+0000] {processor.py:208} INFO - Processing /opt/airflow/dags/dss150p_pipeline.py took 0.472 seconds
[2026-09-24T05:52:49.096+0000] {processor.py:186} INFO - Started process (PID=218) to work on /opt/airflow/dags/dss150p_pipeline.py
[2026-09-24T05:52:49.100+0000] {processor.py:914} INFO - Processing file /opt/airflow/dags/dss150p_pipeline.py for tasks to queue
[2026-09-24T05:52:49.110+0000] {logging_mixin.py:190} INFO - [2026-09-24T05:52:49.109+0000] {dagbag.py:588} INFO - Filling up the DagBag from /opt/airflow/dags/dss150p_pipeline.py
[2026-09-24T05:52:49.402+0000] {processor.py:925} INFO - DAG(s) 'dss150p_sales_pipeline' retrieved from /opt/airflow/dags/dss150p_pipeline.py
[2026-09-24T05:52:49.679+0000] {logging_mixin.py:190} INFO - [2026-09-24T05:52:49.678+0000] {dag.py:3239} INFO - Sync 1 DAGs
[2026-09-24T05:52:49.984+0000] {logging_mixin.py:190} INFO - [2026-09-24T05:52:49.984+0000] {dag.py:4180} INFO - Setting next_dagrun for dss150p_sales_pipeline to 2026-09-24 02:00:00+00:00, run_after=2026-09-25 02:00:00+00:00
[2026-09-24T05:52:50.151+0000] {processor.py:208} INFO - Processing /opt/airflow/dags/dss150p_pipeline.py took 1.077 seconds
[2026-09-24T05:53:20.804+0000] {processor.py:186} INFO - Started process (PID=223) to work on /opt/airflow/dags/dss150p_pipeline.py
[2026-09-24T05:53:20.808+0000] {processor.py:914} INFO - Processing file /opt/airflow/dags/dss150p_pipeline.py for tasks to queue
[2026-09-24T05:53:20.817+0000] {logging_mixin.py:190} INFO - [2026-09-24T05:53:20.816+0000] {dagbag.py:588} INFO - Filling up the DagBag from /opt/airflow/dags/dss150p_pipeline.py
[2026-09-24T05:53:21.028+0000] {processor.py:925} INFO - DAG(s) 'dss150p_sales_pipeline' retrieved from /opt/airflow/dags/dss150p_pipeline.py
[2026-09-24T05:53:21.270+0000] {logging_mixin.py:190} INFO - [2026-09-24T05:53:21.269+0000] {dag.py:3239} INFO - Sync 1 DAGs
[2026-09-24T05:53:21.426+0000] {logging_mixin.py:190} INFO - [2026-09-24T05:53:21.426+0000] {dag.py:4180} INFO - Setting next_dagrun for dss150p_sales_pipeline to 2026-09-24 02:00:00+00:00, run_after=2026-09-25 02:00:00+00:00
[2026-09-24T05:53:21.510+0000] {processor.py:208} INFO - Processing /opt/airflow/dags/dss150p_pipeline.py took 0.773 seconds
[2026-09-24T05:53:52.394+0000] {processor.py:186} INFO - Started process (PID=244) to work on /opt/airflow/dags/dss150p_pipeline.py
[2026-09-24T05:53:52.409+0000] {processor.py:914} INFO - Processing file /opt/airflow/dags/dss150p_pipeline.py for tasks to queue
[2026-09-24T05:53:52.451+0000] {logging_mixin.py:190} INFO - [2026-09-24T05:53:52.442+0000] {dagbag.py:588} INFO - Filling up the DagBag from /opt/airflow/dags/dss150p_pipeline.py
[2026-09-24T05:53:52.952+0000] {processor.py:925} INFO - DAG(s) 'dss150p_sales_pipeline' retrieved from /opt/airflow/dags/dss150p_pipeline.py
[2026-09-24T05:53:53.194+0000] {logging_mixin.py:190} INFO - [2026-09-24T05:53:53.194+0000] {dag.py:3239} INFO - Sync 1 DAGs
[2026-09-24T05:53:53.448+0000] {logging_mixin.py:190} INFO - [2026-09-24T05:53:53.447+0000] {dag.py:4180} INFO - Setting next_dagrun for dss150p_sales_pipeline to 2026-09-24 02:00:00+00:00, run_after=2026-09-25 02:00:00+00:00
[2026-09-24T05:53:53.644+0000] {processor.py:208} INFO - Processing /opt/airflow/dags/dss150p_pipeline.py took 1.391 seconds
[2026-09-24T05:54:24.358+0000] {processor.py:186} INFO - Started process (PID=307) to work on /opt/airflow/dags/dss150p_pipeline.py
[2026-09-24T05:54:24.362+0000] {processor.py:914} INFO - Processing file /opt/airflow/dags/dss150p_pipeline.py for tasks to queue
[2026-09-24T05:54:24.372+0000] {logging_mixin.py:190} INFO - [2026-09-24T05:54:24.371+0000] {dagbag.py:588} INFO - Filling up the DagBag from /opt/airflow/dags/dss150p_pipeline.py
[2026-09-24T05:54:24.443+0000] {processor.py:925} INFO - DAG(s) 'dss150p_sales_pipeline' retrieved from /opt/airflow/dags/dss150p_pipeline.py
[2026-09-24T05:54:24.582+0000] {logging_mixin.py:190} INFO - [2026-09-24T05:54:24.581+0000] {dag.py:3239} INFO - Sync 1 DAGs
[2026-09-24T05:54:24.688+0000] {logging_mixin.py:190} INFO - [2026-09-24T05:54:24.688+0000] {dag.py:4180} INFO - Setting next_dagrun for dss150p_sales_pipeline to 2026-09-24 02:00:00+00:00, run_after=2026-09-25 02:00:00+00:00
[2026-09-24T05:54:24.749+0000] {processor.py:208} INFO - Processing /opt/airflow/dags/dss150p_pipeline.py took 0.479 seconds
[2026-09-24T05:54:55.292+0000] {processor.py:186} INFO - Started process (PID=324) to work on /opt/airflow/dags/dss150p_pipeline.py
[2026-09-24T05:54:55.297+0000] {processor.py:914} INFO - Processing file /opt/airflow/dags/dss150p_pipeline.py for tasks to queue
[2026-09-24T05:54:55.306+0000] {logging_mixin.py:190} INFO - [2026-09-24T05:54:55.305+0000] {dagbag.py:588} INFO - Filling up the DagBag from /opt/airflow/dags/dss150p_pipeline.py
[2026-09-24T05:54:55.402+0000] {processor.py:925} INFO - DAG(s) 'dss150p_sales_pipeline' retrieved from /opt/airflow/dags/dss150p_pipeline.py
[2026-09-24T05:54:55.585+0000] {logging_mixin.py:190} INFO - [2026-09-24T05:54:55.584+0000] {dag.py:3239} INFO - Sync 1 DAGs
[2026-09-24T05:54:55.683+0000] {logging_mixin.py:190} INFO - [2026-09-24T05:54:55.682+0000] {dag.py:4180} INFO - Setting next_dagrun for dss150p_sales_pipeline to 2026-09-24 02:00:00+00:00, run_after=2026-09-25 02:00:00+00:00
[2026-09-24T05:54:55.751+0000] {processor.py:208} INFO - Processing /opt/airflow/dags/dss150p_pipeline.py took 0.483 seconds
[2026-09-24T05:55:26.451+0000] {processor.py:186} INFO - Started process (PID=329) to work on /opt/airflow/dags/dss150p_pipeline.py
[2026-09-24T05:55:26.455+0000] {processor.py:914} INFO - Processing file /opt/airflow/dags/dss150p_pipeline.py for tasks to queue
[2026-09-24T05:55:26.462+0000] {logging_mixin.py:190} INFO - [2026-09-24T05:55:26.461+0000] {dagbag.py:588} INFO - Filling up the DagBag from /opt/airflow/dags/dss150p_pipeline.py
[2026-09-24T05:55:26.526+0000] {processor.py:925} INFO - DAG(s) 'dss150p_sales_pipeline' retrieved from /opt/airflow/dags/dss150p_pipeline.py
[2026-09-24T05:55:26.646+0000] {logging_mixin.py:190} INFO - [2026-09-24T05:55:26.645+0000] {dag.py:3239} INFO - Sync 1 DAGs
[2026-09-24T05:55:26.703+0000] {logging_mixin.py:190} INFO - [2026-09-24T05:55:26.702+0000] {dag.py:4180} INFO - Setting next_dagrun for dss150p_sales_pipeline to 2026-09-24 02:00:00+00:00, run_after=2026-09-25 02:00:00+00:00
[2026-09-24T05:55:26.747+0000] {processor.py:208} INFO - Processing /opt/airflow/dags/dss150p_pipeline.py took 0.313 seconds
[2026-09-24T05:55:57.339+0000] {processor.py:186} INFO - Started process (PID=334) to work on /opt/airflow/dags/dss150p_pipeline.py
[2026-09-24T05:55:57.348+0000] {processor.py:914} INFO - Processing file /opt/airflow/dags/dss150p_pipeline.py for tasks to queue
[2026-09-24T05:55:57.370+0000] {logging_mixin.py:190} INFO - [2026-09-24T05:55:57.369+0000] {dagbag.py:588} INFO - Filling up the DagBag from /opt/airflow/dags/dss150p_pipeline.py
[2026-09-24T05:55:57.523+0000] {processor.py:925} INFO - DAG(s) 'dss150p_sales_pipeline' retrieved from /opt/airflow/dags/dss150p_pipeline.py
[2026-09-24T05:55:57.669+0000] {logging_mixin.py:190} INFO - [2026-09-24T05:55:57.668+0000] {dag.py:3239} INFO - Sync 1 DAGs
[2026-09-24T05:55:57.758+0000] {logging_mixin.py:190} INFO - [2026-09-24T05:55:57.757+0000] {dag.py:4180} INFO - Setting next_dagrun for dss150p_sales_pipeline to 2026-09-24 02:00:00+00:00, run_after=2026-09-25 02:00:00+00:00
[2026-09-24T05:55:57.807+0000] {processor.py:208} INFO - Processing /opt/airflow/dags/dss150p_pipeline.py took 0.497 seconds
[2026-09-24T05:56:28.039+0000] {processor.py:186} INFO - Started process (PID=339) to work on /opt/airflow/dags/dss150p_pipeline.py
[2026-09-24T05:56:28.045+0000] {processor.py:914} INFO - Processing file /opt/airflow/dags/dss150p_pipeline.py for tasks to queue
[2026-09-24T05:56:28.056+0000] {logging_mixin.py:190} INFO - [2026-09-24T05:56:28.055+0000] {dagbag.py:588} INFO - Filling up the DagBag from /opt/airflow/dags/dss150p_pipeline.py
[2026-09-24T05:56:28.119+0000] {processor.py:925} INFO - DAG(s) 'dss150p_sales_pipeline' retrieved from /opt/airflow/dags/dss150p_pipeline.py
[2026-09-24T05:56:28.308+0000] {logging_mixin.py:190} INFO - [2026-09-24T05:56:28.307+0000] {dag.py:3239} INFO - Sync 1 DAGs
[2026-09-24T05:56:28.381+0000] {logging_mixin.py:190} INFO - [2026-09-24T05:56:28.380+0000] {dag.py:4180} INFO - Setting next_dagrun for dss150p_sales_pipeline to 2026-09-24 02:00:00+00:00, run_after=2026-09-25 02:00:00+00:00
[2026-09-24T05:56:28.464+0000] {processor.py:208} INFO - Processing /opt/airflow/dags/dss150p_pipeline.py took 0.447 seconds
[2026-09-24T05:56:58.833+0000] {processor.py:186} INFO - Started process (PID=344) to work on /opt/airflow/dags/dss150p_pipeline.py
[2026-09-24T05:56:58.837+0000] {processor.py:914} INFO - Processing file /opt/airflow/dags/dss150p_pipeline.py for tasks to queue
[2026-09-24T05:56:58.846+0000] {logging_mixin.py:190} INFO - [2026-09-24T05:56:58.845+0000] {dagbag.py:588} INFO - Filling up the DagBag from /opt/airflow/dags/dss150p_pipeline.py
[2026-09-24T05:56:58.911+0000] {processor.py:925} INFO - DAG(s) 'dss150p_sales_pipeline' retrieved from /opt/airflow/dags/dss150p_pipeline.py
[2026-09-24T05:56:59.042+0000] {logging_mixin.py:190} INFO - [2026-09-24T05:56:59.041+0000] {dag.py:3239} INFO - Sync 1 DAGs
[2026-09-24T05:56:59.100+0000] {logging_mixin.py:190} INFO - [2026-09-24T05:56:59.099+0000] {dag.py:4180} INFO - Setting next_dagrun for dss150p_sales_pipeline to 2026-09-24 02:00:00+00:00, run_after=2026-09-25 02:00:00+00:00
[2026-09-24T05:56:59.153+0000] {processor.py:208} INFO - Processing /opt/airflow/dags/dss150p_pipeline.py took 0.339 seconds
[2026-09-24T05:57:29.597+0000] {processor.py:186} INFO - Started process (PID=349) to work on /opt/airflow/dags/dss150p_pipeline.py
[2026-09-24T05:57:29.602+0000] {processor.py:914} INFO - Processing file /opt/airflow/dags/dss150p_pipeline.py for tasks to queue
[2026-09-24T05:57:29.610+0000] {logging_mixin.py:190} INFO - [2026-09-24T05:57:29.609+0000] {dagbag.py:588} INFO - Filling up the DagBag from /opt/airflow/dags/dss150p_pipeline.py
[2026-09-24T05:57:29.683+0000] {processor.py:925} INFO - DAG(s) 'dss150p_sales_pipeline' retrieved from /opt/airflow/dags/dss150p_pipeline.py
[2026-09-24T05:57:29.822+0000] {logging_mixin.py:190} INFO - [2026-09-24T05:57:29.821+0000] {dag.py:3239} INFO - Sync 1 DAGs
[2026-09-24T05:57:29.911+0000] {logging_mixin.py:190} INFO - [2026-09-24T05:57:29.911+0000] {dag.py:4180} INFO - Setting next_dagrun for dss150p_sales_pipeline to 2026-09-24 02:00:00+00:00, run_after=2026-09-25 02:00:00+00:00
[2026-09-24T05:57:29.976+0000] {processor.py:208} INFO - Processing /opt/airflow/dags/dss150p_pipeline.py took 0.396 seconds
[2026-09-24T05:58:00.408+0000] {processor.py:186} INFO - Started process (PID=354) to work on /opt/airflow/dags/dss150p_pipeline.py
[2026-09-24T05:58:00.415+0000] {processor.py:914} INFO - Processing file /opt/airflow/dags/dss150p_pipeline.py for tasks to queue
[2026-09-24T05:58:00.430+0000] {logging_mixin.py:190} INFO - [2026-09-24T05:58:00.429+0000] {dagbag.py:588} INFO - Filling up the DagBag from /opt/airflow/dags/dss150p_pipeline.py
[2026-09-24T05:58:00.532+0000] {processor.py:925} INFO - DAG(s) 'dss150p_sales_pipeline' retrieved from /opt/airflow/dags/dss150p_pipeline.py
[2026-09-24T05:58:00.657+0000] {logging_mixin.py:190} INFO - [2026-09-24T05:58:00.657+0000] {dag.py:3239} INFO - Sync 1 DAGs
[2026-09-24T05:58:00.747+0000] {logging_mixin.py:190} INFO - [2026-09-24T05:58:00.746+0000] {dag.py:4180} INFO - Setting next_dagrun for dss150p_sales_pipeline to 2026-09-24 02:00:00+00:00, run_after=2026-09-25 02:00:00+00:00
[2026-09-24T05:58:00.799+0000] {processor.py:208} INFO - Processing /opt/airflow/dags/dss150p_pipeline.py took 0.429 seconds
[2026-09-24T05:58:31.185+0000] {processor.py:186} INFO - Started process (PID=359) to work on /opt/airflow/dags/dss150p_pipeline.py
[2026-09-24T05:58:31.189+0000] {processor.py:914} INFO - Processing file /opt/airflow/dags/dss150p_pipeline.py for tasks to queue
[2026-09-24T05:58:31.198+0000] {logging_mixin.py:190} INFO - [2026-09-24T05:58:31.197+0000] {dagbag.py:588} INFO - Filling up the DagBag from /opt/airflow/dags/dss150p_pipeline.py
[2026-09-24T05:58:31.296+0000] {processor.py:925} INFO - DAG(s) 'dss150p_sales_pipeline' retrieved from /opt/airflow/dags/dss150p_pipeline.py
[2026-09-24T05:58:31.496+0000] {logging_mixin.py:190} INFO - [2026-09-24T05:58:31.496+0000] {dag.py:3239} INFO - Sync 1 DAGs
[2026-09-24T05:58:31.546+0000] {logging_mixin.py:190} INFO - [2026-09-24T05:58:31.546+0000] {dag.py:4180} INFO - Setting next_dagrun for dss150p_sales_pipeline to 2026-09-24 02:00:00+00:00, run_after=2026-09-25 02:00:00+00:00
[2026-09-24T05:58:31.587+0000] {processor.py:208} INFO - Processing /opt/airflow/dags/dss150p_pipeline.py took 0.425 seconds
[2026-09-24T05:59:01.873+0000] {processor.py:186} INFO - Started process (PID=364) to work on /opt/airflow/dags/dss150p_pipeline.py
[2026-09-24T05:59:01.878+0000] {processor.py:914} INFO - Processing file /opt/airflow/dags/dss150p_pipeline.py for tasks to queue
[2026-09-24T05:59:01.889+0000] {logging_mixin.py:190} INFO - [2026-09-24T05:59:01.887+0000] {dagbag.py:588} INFO - Filling up the DagBag from /opt/airflow/dags/dss150p_pipeline.py
[2026-09-24T05:59:01.983+0000] {processor.py:925} INFO - DAG(s) 'dss150p_sales_pipeline' retrieved from /opt/airflow/dags/dss150p_pipeline.py
[2026-09-24T05:59:02.138+0000] {logging_mixin.py:190} INFO - [2026-09-24T05:59:02.137+0000] {dag.py:3239} INFO - Sync 1 DAGs
[2026-09-24T05:59:02.242+0000] {logging_mixin.py:190} INFO - [2026-09-24T05:59:02.241+0000] {dag.py:4180} INFO - Setting next_dagrun for dss150p_sales_pipeline to 2026-09-24 02:00:00+00:00, run_after=2026-09-25 02:00:00+00:00
[2026-09-24T05:59:02.320+0000] {processor.py:208} INFO - Processing /opt/airflow/dags/dss150p_pipeline.py took 0.469 seconds
[2026-09-24T05:59:32.643+0000] {processor.py:186} INFO - Started process (PID=369) to work on /opt/airflow/dags/dss150p_pipeline.py
[2026-09-24T05:59:32.646+0000] {processor.py:914} INFO - Processing file /opt/airflow/dags/dss150p_pipeline.py for tasks to queue
[2026-09-24T05:59:32.654+0000] {logging_mixin.py:190} INFO - [2026-09-24T05:59:32.654+0000] {dagbag.py:588} INFO - Filling up the DagBag from /opt/airflow/dags/dss150p_pipeline.py
[2026-09-24T05:59:32.723+0000] {processor.py:925} INFO - DAG(s) 'dss150p_sales_pipeline' retrieved from /opt/airflow/dags/dss150p_pipeline.py
[2026-09-24T05:59:32.840+0000] {logging_mixin.py:190} INFO - [2026-09-24T05:59:32.839+0000] {dag.py:3239} INFO - Sync 1 DAGs
[2026-09-24T05:59:32.893+0000] {logging_mixin.py:190} INFO - [2026-09-24T05:59:32.892+0000] {dag.py:4180} INFO - Setting next_dagrun for dss150p_sales_pipeline to 2026-09-24 02:00:00+00:00, run_after=2026-09-25 02:00:00+00:00
[2026-09-24T05:59:32.945+0000] {processor.py:208} INFO - Processing /opt/airflow/dags/dss150p_pipeline.py took 0.319 seconds
[2026-09-24T06:00:03.494+0000] {processor.py:186} INFO - Started process (PID=374) to work on /opt/airflow/dags/dss150p_pipeline.py
[2026-09-24T06:00:03.498+0000] {processor.py:914} INFO - Processing file /opt/airflow/dags/dss150p_pipeline.py for tasks to queue
[2026-09-24T06:00:03.508+0000] {logging_mixin.py:190} INFO - [2026-09-24T06:00:03.507+0000] {dagbag.py:588} INFO - Filling up the DagBag from /opt/airflow/dags/dss150p_pipeline.py
[2026-09-24T06:00:03.587+0000] {processor.py:925} INFO - DAG(s) 'dss150p_sales_pipeline' retrieved from /opt/airflow/dags/dss150p_pipeline.py
[2026-09-24T06:00:03.747+0000] {logging_mixin.py:190} INFO - [2026-09-24T06:00:03.746+0000] {dag.py:3239} INFO - Sync 1 DAGs
[2026-09-24T06:00:03.807+0000] {logging_mixin.py:190} INFO - [2026-09-24T06:00:03.807+0000] {dag.py:4180} INFO - Setting next_dagrun for dss150p_sales_pipeline to 2026-09-24 02:00:00+00:00, run_after=2026-09-25 02:00:00+00:00
[2026-09-24T06:00:03.858+0000] {processor.py:208} INFO - Processing /opt/airflow/dags/dss150p_pipeline.py took 0.382 seconds
[2026-09-24T06:00:34.115+0000] {processor.py:186} INFO - Started process (PID=379) to work on /opt/airflow/dags/dss150p_pipeline.py
[2026-09-24T06:00:34.119+0000] {processor.py:914} INFO - Processing file /opt/airflow/dags/dss150p_pipeline.py for tasks to queue
[2026-09-24T06:00:34.127+0000] {logging_mixin.py:190} INFO - [2026-09-24T06:00:34.126+0000] {dagbag.py:588} INFO - Filling up the DagBag from /opt/airflow/dags/dss150p_pipeline.py
[2026-09-24T06:00:34.204+0000] {processor.py:925} INFO - DAG(s) 'dss150p_sales_pipeline' retrieved from /opt/airflow/dags/dss150p_pipeline.py
[2026-09-24T06:00:34.347+0000] {logging_mixin.py:190} INFO - [2026-09-24T06:00:34.346+0000] {dag.py:3239} INFO - Sync 1 DAGs
[2026-09-24T06:00:34.409+0000] {logging_mixin.py:190} INFO - [2026-09-24T06:00:34.408+0000] {dag.py:4180} INFO - Setting next_dagrun for dss150p_sales_pipeline to 2026-09-24 02:00:00+00:00, run_after=2026-09-25 02:00:00+00:00
[2026-09-24T06:00:34.454+0000] {processor.py:208} INFO - Processing /opt/airflow/dags/dss150p_pipeline.py took 0.361 seconds
[2026-09-24T06:01:04.894+0000] {processor.py:186} INFO - Started process (PID=384) to work on /opt/airflow/dags/dss150p_pipeline.py
[2026-09-24T06:01:04.900+0000] {processor.py:914} INFO - Processing file /opt/airflow/dags/dss150p_pipeline.py for tasks to queue
[2026-09-24T06:01:04.911+0000] {logging_mixin.py:190} INFO - [2026-09-24T06:01:04.909+0000] {dagbag.py:588} INFO - Filling up the DagBag from /opt/airflow/dags/dss150p_pipeline.py
[2026-09-24T06:01:05.007+0000] {processor.py:925} INFO - DAG(s) 'dss150p_sales_pipeline' retrieved from /opt/airflow/dags/dss150p_pipeline.py
[2026-09-24T06:01:05.213+0000] {logging_mixin.py:190} INFO - [2026-09-24T06:01:05.213+0000] {dag.py:3239} INFO - Sync 1 DAGs
[2026-09-24T06:01:05.301+0000] {logging_mixin.py:190} INFO - [2026-09-24T06:01:05.300+0000] {dag.py:4180} INFO - Setting next_dagrun for dss150p_sales_pipeline to 2026-09-24 02:00:00+00:00, run_after=2026-09-25 02:00:00+00:00
[2026-09-24T06:01:05.377+0000] {processor.py:208} INFO - Processing /opt/airflow/dags/dss150p_pipeline.py took 0.509 seconds
[2026-09-24T06:01:36.020+0000] {processor.py:186} INFO - Started process (PID=389) to work on /opt/airflow/dags/dss150p_pipeline.py
[2026-09-24T06:01:36.026+0000] {processor.py:914} INFO - Processing file /opt/airflow/dags/dss150p_pipeline.py for tasks to queue
[2026-09-24T06:01:36.038+0000] {logging_mixin.py:190} INFO - [2026-09-24T06:01:36.038+0000] {dagbag.py:588} INFO - Filling up the DagBag from /opt/airflow/dags/dss150p_pipeline.py
[2026-09-24T06:01:36.114+0000] {processor.py:925} INFO - DAG(s) 'dss150p_sales_pipeline' retrieved from /opt/airflow/dags/dss150p_pipeline.py
[2026-09-24T06:01:36.241+0000] {logging_mixin.py:190} INFO - [2026-09-24T06:01:36.240+0000] {dag.py:3239} INFO - Sync 1 DAGs
[2026-09-24T06:01:36.307+0000] {logging_mixin.py:190} INFO - [2026-09-24T06:01:36.307+0000] {dag.py:4180} INFO - Setting next_dagrun for dss150p_sales_pipeline to 2026-09-24 02:00:00+00:00, run_after=2026-09-25 02:00:00+00:00
[2026-09-24T06:01:36.363+0000] {processor.py:208} INFO - Processing /opt/airflow/dags/dss150p_pipeline.py took 0.365 seconds
[2026-09-24T06:02:06.909+0000] {processor.py:186} INFO - Started process (PID=394) to work on /opt/airflow/dags/dss150p_pipeline.py
[2026-09-24T06:02:06.913+0000] {processor.py:914} INFO - Processing file /opt/airflow/dags/dss150p_pipeline.py for tasks to queue
[2026-09-24T06:02:06.921+0000] {logging_mixin.py:190} INFO - [2026-09-24T06:02:06.920+0000] {dagbag.py:588} INFO - Filling up the DagBag from /opt/airflow/dags/dss150p_pipeline.py
[2026-09-24T06:02:06.994+0000] {processor.py:925} INFO - DAG(s) 'dss150p_sales_pipeline' retrieved from /opt/airflow/dags/dss150p_pipeline.py
[2026-09-24T06:02:07.112+0000] {logging_mixin.py:190} INFO - [2026-09-24T06:02:07.112+0000] {dag.py:3239} INFO - Sync 1 DAGs
[2026-09-24T06:02:07.171+0000] {logging_mixin.py:190} INFO - [2026-09-24T06:02:07.170+0000] {dag.py:4180} INFO - Setting next_dagrun for dss150p_sales_pipeline to 2026-09-24 02:00:00+00:00, run_after=2026-09-25 02:00:00+00:00
[2026-09-24T06:02:07.236+0000] {processor.py:208} INFO - Processing /opt/airflow/dags/dss150p_pipeline.py took 0.345 seconds
[2026-09-24T06:02:37.428+0000] {processor.py:186} INFO - Started process (PID=399) to work on /opt/airflow/dags/dss150p_pipeline.py
[2026-09-24T06:02:37.433+0000] {processor.py:914} INFO - Processing file /opt/airflow/dags/dss150p_pipeline.py for tasks to queue
[2026-09-24T06:02:37.443+0000] {logging_mixin.py:190} INFO - [2026-09-24T06:02:37.442+0000] {dagbag.py:588} INFO - Filling up the DagBag from /opt/airflow/dags/dss150p_pipeline.py
[2026-09-24T06:02:37.591+0000] {processor.py:925} INFO - DAG(s) 'dss150p_sales_pipeline' retrieved from /opt/airflow/dags/dss150p_pipeline.py
[2026-09-24T06:02:37.866+0000] {logging_mixin.py:190} INFO - [2026-09-24T06:02:37.865+0000] {dag.py:3239} INFO - Sync 1 DAGs
[2026-09-24T06:02:37.975+0000] {logging_mixin.py:190} INFO - [2026-09-24T06:02:37.974+0000] {dag.py:4180} INFO - Setting next_dagrun for dss150p_sales_pipeline to 2026-09-24 02:00:00+00:00, run_after=2026-09-25 02:00:00+00:00
[2026-09-24T06:02:38.024+0000] {processor.py:208} INFO - Processing /opt/airflow/dags/dss150p_pipeline.py took 0.619 seconds
[2026-09-24T06:03:08.352+0000] {processor.py:186} INFO - Started process (PID=404) to work on /opt/airflow/dags/dss150p_pipeline.py
[2026-09-24T06:03:08.357+0000] {processor.py:914} INFO - Processing file /opt/airflow/dags/dss150p_pipeline.py for tasks to queue
[2026-09-24T06:03:08.368+0000] {logging_mixin.py:190} INFO - [2026-09-24T06:03:08.367+0000] {dagbag.py:588} INFO - Filling up the DagBag from /opt/airflow/dags/dss150p_pipeline.py
[2026-09-24T06:03:08.456+0000] {processor.py:925} INFO - DAG(s) 'dss150p_sales_pipeline' retrieved from /opt/airflow/dags/dss150p_pipeline.py
[2026-09-24T06:03:08.574+0000] {logging_mixin.py:190} INFO - [2026-09-24T06:03:08.574+0000] {dag.py:3239} INFO - Sync 1 DAGs
[2026-09-24T06:03:08.626+0000] {logging_mixin.py:190} INFO - [2026-09-24T06:03:08.626+0000] {dag.py:4180} INFO - Setting next_dagrun for dss150p_sales_pipeline to 2026-09-24 02:00:00+00:00, run_after=2026-09-25 02:00:00+00:00
[2026-09-24T06:03:08.677+0000] {processor.py:208} INFO - Processing /opt/airflow/dags/dss150p_pipeline.py took 0.345 seconds
[2026-09-24T06:03:39.148+0000] {processor.py:186} INFO - Started process (PID=409) to work on /opt/airflow/dags/dss150p_pipeline.py
[2026-09-24T06:03:39.154+0000] {processor.py:914} INFO - Processing file /opt/airflow/dags/dss150p_pipeline.py for tasks to queue
[2026-09-24T06:03:39.162+0000] {logging_mixin.py:190} INFO - [2026-09-24T06:03:39.161+0000] {dagbag.py:588} INFO - Filling up the DagBag from /opt/airflow/dags/dss150p_pipeline.py
[2026-09-24T06:03:39.254+0000] {processor.py:925} INFO - DAG(s) 'dss150p_sales_pipeline' retrieved from /opt/airflow/dags/dss150p_pipeline.py
[2026-09-24T06:03:39.411+0000] {logging_mixin.py:190} INFO - [2026-09-24T06:03:39.411+0000] {dag.py:3239} INFO - Sync 1 DAGs
[2026-09-24T06:03:39.471+0000] {logging_mixin.py:190} INFO - [2026-09-24T06:03:39.470+0000] {dag.py:4180} INFO - Setting next_dagrun for dss150p_sales_pipeline to 2026-09-24 02:00:00+00:00, run_after=2026-09-25 02:00:00+00:00
[2026-09-24T06:03:39.544+0000] {processor.py:208} INFO - Processing /opt/airflow/dags/dss150p_pipeline.py took 0.424 seconds
